[2023-02-26T21:35:42.693+0100][gc] Using G1
[2023-02-26T21:35:42.704+0100][gc,init] Version: 17.0.2+8-LTS-86 (release)
[2023-02-26T21:35:42.704+0100][gc,init] CPUs: 4 total, 4 available
[2023-02-26T21:35:42.704+0100][gc,init] Memory: 8192M
[2023-02-26T21:35:42.704+0100][gc,init] Large Page Support: Disabled
[2023-02-26T21:35:42.704+0100][gc,init] NUMA Support: Disabled
[2023-02-26T21:35:42.704+0100][gc,init] Compressed Oops: Enabled (Zero based)
[2023-02-26T21:35:42.704+0100][gc,init] Heap Region Size: 1M
[2023-02-26T21:35:42.704+0100][gc,init] Heap Min Capacity: 1G
[2023-02-26T21:35:42.704+0100][gc,init] Heap Initial Capacity: 1G
[2023-02-26T21:35:42.704+0100][gc,init] Heap Max Capacity: 1G
[2023-02-26T21:35:42.704+0100][gc,init] Pre-touch: Disabled
[2023-02-26T21:35:42.704+0100][gc,init] Parallel Workers: 4
[2023-02-26T21:35:42.704+0100][gc,init] Concurrent Workers: 1
[2023-02-26T21:35:42.704+0100][gc,init] Concurrent Refinement Workers: 4
[2023-02-26T21:35:42.704+0100][gc,init] Periodic GC: Disabled
[2023-02-26T21:35:42.705+0100][gc,metaspace] CDS archive(s) mapped at: [0x0000000800000000-0x0000000800bd8000-0x0000000800bd8000), size 12419072, SharedBaseAddress: 0x0000000800000000, ArchiveRelocationMode: 0.
[2023-02-26T21:35:42.705+0100][gc,metaspace] Compressed class space mapped at: 0x0000000800c00000-0x0000000840c00000, reserved size: 1073741824
[2023-02-26T21:35:42.705+0100][gc,metaspace] Narrow klass base: 0x0000000800000000, Narrow klass shift: 0, Narrow klass range: 0x100000000
[2023-02-26T21:35:44.536+0100][gc,start    ] GC(0) Pause Young (Normal) (G1 Evacuation Pause)
[2023-02-26T21:35:44.536+0100][gc,task     ] GC(0) Using 4 workers of 4 for evacuation
[2023-02-26T21:35:44.545+0100][gc,phases   ] GC(0)   Pre Evacuate Collection Set: 0.1ms
[2023-02-26T21:35:44.545+0100][gc,phases   ] GC(0)   Merge Heap Roots: 0.0ms
[2023-02-26T21:35:44.546+0100][gc,phases   ] GC(0)   Evacuate Collection Set: 7.6ms
[2023-02-26T21:35:44.546+0100][gc,phases   ] GC(0)   Post Evacuate Collection Set: 0.5ms
[2023-02-26T21:35:44.546+0100][gc,phases   ] GC(0)   Other: 0.5ms
[2023-02-26T21:35:44.546+0100][gc,heap     ] GC(0) Eden regions: 51->0(44)
[2023-02-26T21:35:44.546+0100][gc,heap     ] GC(0) Survivor regions: 0->7(7)
[2023-02-26T21:35:44.546+0100][gc,heap     ] GC(0) Old regions: 0->1
[2023-02-26T21:35:44.546+0100][gc,heap     ] GC(0) Archive regions: 2->2
[2023-02-26T21:35:44.546+0100][gc,heap     ] GC(0) Humongous regions: 0->0
[2023-02-26T21:35:44.546+0100][gc,metaspace] GC(0) Metaspace: 18497K(18688K)->18497K(18688K) NonClass: 16500K(16576K)->16500K(16576K) Class: 1996K(2112K)->1996K(2112K)
[2023-02-26T21:35:44.546+0100][gc          ] GC(0) Pause Young (Normal) (G1 Evacuation Pause) 51M->8M(1024M) 10.012ms
[2023-02-26T21:35:44.546+0100][gc,cpu      ] GC(0) User=0.03s Sys=0.01s Real=0.01s
[2023-02-26T21:35:45.127+0100][gc,start    ] GC(1) Pause Young (Concurrent Start) (Metadata GC Threshold)
[2023-02-26T21:35:45.127+0100][gc,task     ] GC(1) Using 4 workers of 4 for evacuation
[2023-02-26T21:35:45.143+0100][gc,phases   ] GC(1)   Pre Evacuate Collection Set: 0.1ms
[2023-02-26T21:35:45.143+0100][gc,phases   ] GC(1)   Merge Heap Roots: 0.1ms
[2023-02-26T21:35:45.143+0100][gc,phases   ] GC(1)   Evacuate Collection Set: 14.2ms
[2023-02-26T21:35:45.143+0100][gc,phases   ] GC(1)   Post Evacuate Collection Set: 0.6ms
[2023-02-26T21:35:45.143+0100][gc,phases   ] GC(1)   Other: 0.6ms
[2023-02-26T21:35:45.143+0100][gc,heap     ] GC(1) Eden regions: 13->0(49)
[2023-02-26T21:35:45.143+0100][gc,heap     ] GC(1) Survivor regions: 7->2(7)
[2023-02-26T21:35:45.143+0100][gc,heap     ] GC(1) Old regions: 1->8
[2023-02-26T21:35:45.143+0100][gc,heap     ] GC(1) Archive regions: 2->2
[2023-02-26T21:35:45.143+0100][gc,heap     ] GC(1) Humongous regions: 0->0
[2023-02-26T21:35:45.143+0100][gc,metaspace] GC(1) Metaspace: 21377K(21504K)->21377K(21504K) NonClass: 18955K(19008K)->18955K(19008K) Class: 2422K(2496K)->2422K(2496K)
[2023-02-26T21:35:45.143+0100][gc          ] GC(1) Pause Young (Concurrent Start) (Metadata GC Threshold) 20M->10M(1024M) 16.089ms
[2023-02-26T21:35:45.143+0100][gc,cpu      ] GC(1) User=0.03s Sys=0.01s Real=0.02s
[2023-02-26T21:35:45.143+0100][gc          ] GC(2) Concurrent Mark Cycle
[2023-02-26T21:35:45.144+0100][gc,marking  ] GC(2) Concurrent Clear Claimed Marks
[2023-02-26T21:35:45.144+0100][gc,marking  ] GC(2) Concurrent Clear Claimed Marks 0.065ms
[2023-02-26T21:35:45.144+0100][gc,marking  ] GC(2) Concurrent Scan Root Regions
[2023-02-26T21:35:45.153+0100][gc,marking  ] GC(2) Concurrent Scan Root Regions 9.034ms
[2023-02-26T21:35:45.153+0100][gc,marking  ] GC(2) Concurrent Mark
[2023-02-26T21:35:45.153+0100][gc,marking  ] GC(2) Concurrent Mark From Roots
[2023-02-26T21:35:45.153+0100][gc,task     ] GC(2) Using 1 workers of 1 for marking
[2023-02-26T21:35:45.159+0100][gc,marking  ] GC(2) Concurrent Mark From Roots 5.948ms
[2023-02-26T21:35:45.159+0100][gc,marking  ] GC(2) Concurrent Preclean
[2023-02-26T21:35:45.159+0100][gc,marking  ] GC(2) Concurrent Preclean 0.102ms
[2023-02-26T21:35:45.159+0100][gc,start    ] GC(2) Pause Remark
[2023-02-26T21:35:45.162+0100][gc          ] GC(2) Pause Remark 10M->10M(1024M) 2.427ms
[2023-02-26T21:35:45.162+0100][gc,cpu      ] GC(2) User=0.00s Sys=0.00s Real=0.01s
[2023-02-26T21:35:45.163+0100][gc,marking  ] GC(2) Concurrent Mark 9.793ms
[2023-02-26T21:35:45.163+0100][gc,marking  ] GC(2) Concurrent Rebuild Remembered Sets
[2023-02-26T21:35:45.170+0100][gc,marking  ] GC(2) Concurrent Rebuild Remembered Sets 6.936ms
[2023-02-26T21:35:45.170+0100][gc,start    ] GC(2) Pause Cleanup
[2023-02-26T21:35:45.170+0100][gc          ] GC(2) Pause Cleanup 11M->11M(1024M) 0.121ms
[2023-02-26T21:35:45.170+0100][gc,cpu      ] GC(2) User=0.00s Sys=0.00s Real=0.00s
[2023-02-26T21:35:45.170+0100][gc,marking  ] GC(2) Concurrent Cleanup for Next Mark
[2023-02-26T21:35:45.179+0100][gc,marking  ] GC(2) Concurrent Cleanup for Next Mark 9.115ms
[2023-02-26T21:35:45.180+0100][gc          ] GC(2) Concurrent Mark Cycle 36.642ms
[2023-02-26T21:35:46.203+0100][gc,start    ] GC(3) Pause Young (Normal) (G1 Evacuation Pause)
[2023-02-26T21:35:46.203+0100][gc,task     ] GC(3) Using 4 workers of 4 for evacuation
[2023-02-26T21:35:46.212+0100][gc,phases   ] GC(3)   Pre Evacuate Collection Set: 0.4ms
[2023-02-26T21:35:46.212+0100][gc,phases   ] GC(3)   Merge Heap Roots: 0.2ms
[2023-02-26T21:35:46.212+0100][gc,phases   ] GC(3)   Evacuate Collection Set: 8.0ms
[2023-02-26T21:35:46.213+0100][gc,phases   ] GC(3)   Post Evacuate Collection Set: 0.7ms
[2023-02-26T21:35:46.213+0100][gc,phases   ] GC(3)   Other: 0.3ms
[2023-02-26T21:35:46.213+0100][gc,heap     ] GC(3) Eden regions: 49->0(46)
[2023-02-26T21:35:46.213+0100][gc,heap     ] GC(3) Survivor regions: 2->5(7)
[2023-02-26T21:35:46.213+0100][gc,heap     ] GC(3) Old regions: 8->8
[2023-02-26T21:35:46.213+0100][gc,heap     ] GC(3) Archive regions: 2->2
[2023-02-26T21:35:46.213+0100][gc,heap     ] GC(3) Humongous regions: 9->9
[2023-02-26T21:35:46.213+0100][gc,metaspace] GC(3) Metaspace: 31307K(31616K)->31307K(31616K) NonClass: 27827K(28032K)->27827K(28032K) Class: 3479K(3584K)->3479K(3584K)
[2023-02-26T21:35:46.213+0100][gc          ] GC(3) Pause Young (Normal) (G1 Evacuation Pause) 68M->22M(1024M) 9.807ms
[2023-02-26T21:35:46.213+0100][gc,cpu      ] GC(3) User=0.02s Sys=0.00s Real=0.01s
[2023-02-26T21:37:20.096+0100][gc,start    ] GC(4) Pause Young (Concurrent Start) (Metadata GC Threshold)
[2023-02-26T21:37:20.098+0100][gc,task     ] GC(4) Using 4 workers of 4 for evacuation
[2023-02-26T21:37:20.118+0100][gc,phases   ] GC(4)   Pre Evacuate Collection Set: 0.4ms
[2023-02-26T21:37:20.118+0100][gc,phases   ] GC(4)   Merge Heap Roots: 0.1ms
[2023-02-26T21:37:20.118+0100][gc,phases   ] GC(4)   Evacuate Collection Set: 18.3ms
[2023-02-26T21:37:20.118+0100][gc,phases   ] GC(4)   Post Evacuate Collection Set: 0.9ms
[2023-02-26T21:37:20.118+0100][gc,phases   ] GC(4)   Other: 2.3ms
[2023-02-26T21:37:20.119+0100][gc,heap     ] GC(4) Eden regions: 27->0(45)
[2023-02-26T21:37:20.119+0100][gc,heap     ] GC(4) Survivor regions: 5->6(7)
[2023-02-26T21:37:20.119+0100][gc,heap     ] GC(4) Old regions: 8->9
[2023-02-26T21:37:20.119+0100][gc,heap     ] GC(4) Archive regions: 2->2
[2023-02-26T21:37:20.119+0100][gc,heap     ] GC(4) Humongous regions: 138->138
[2023-02-26T21:37:20.119+0100][gc,metaspace] GC(4) Metaspace: 35740K(36096K)->35740K(36096K) NonClass: 31702K(31872K)->31702K(31872K) Class: 4037K(4224K)->4037K(4224K)
[2023-02-26T21:37:20.119+0100][gc          ] GC(4) Pause Young (Concurrent Start) (Metadata GC Threshold) 178M->153M(1024M) 22.502ms
[2023-02-26T21:37:20.119+0100][gc,cpu      ] GC(4) User=0.02s Sys=0.02s Real=0.02s
[2023-02-26T21:37:20.119+0100][gc          ] GC(5) Concurrent Mark Cycle
[2023-02-26T21:37:20.119+0100][gc,marking  ] GC(5) Concurrent Clear Claimed Marks
[2023-02-26T21:37:20.119+0100][gc,marking  ] GC(5) Concurrent Clear Claimed Marks 0.031ms
[2023-02-26T21:37:20.119+0100][gc,marking  ] GC(5) Concurrent Scan Root Regions
[2023-02-26T21:37:20.127+0100][gc,marking  ] GC(5) Concurrent Scan Root Regions 7.926ms
[2023-02-26T21:37:20.127+0100][gc,marking  ] GC(5) Concurrent Mark
[2023-02-26T21:37:20.127+0100][gc,marking  ] GC(5) Concurrent Mark From Roots
[2023-02-26T21:37:20.127+0100][gc,task     ] GC(5) Using 1 workers of 1 for marking
[2023-02-26T21:37:20.142+0100][gc,marking  ] GC(5) Concurrent Mark From Roots 14.900ms
[2023-02-26T21:37:20.142+0100][gc,marking  ] GC(5) Concurrent Preclean
[2023-02-26T21:37:20.142+0100][gc,marking  ] GC(5) Concurrent Preclean 0.057ms
[2023-02-26T21:37:20.142+0100][gc,start    ] GC(5) Pause Remark
[2023-02-26T21:37:20.145+0100][gc          ] GC(5) Pause Remark 153M->153M(1024M) 2.935ms
[2023-02-26T21:37:20.145+0100][gc,cpu      ] GC(5) User=0.01s Sys=0.00s Real=0.00s
[2023-02-26T21:37:20.145+0100][gc,marking  ] GC(5) Concurrent Mark 18.135ms
[2023-02-26T21:37:20.145+0100][gc,marking  ] GC(5) Concurrent Rebuild Remembered Sets
[2023-02-26T21:37:20.154+0100][gc,marking  ] GC(5) Concurrent Rebuild Remembered Sets 8.782ms
[2023-02-26T21:37:20.154+0100][gc,start    ] GC(5) Pause Cleanup
[2023-02-26T21:37:20.154+0100][gc          ] GC(5) Pause Cleanup 153M->153M(1024M) 0.129ms
[2023-02-26T21:37:20.154+0100][gc,cpu      ] GC(5) User=0.00s Sys=0.00s Real=0.00s
[2023-02-26T21:37:20.154+0100][gc,marking  ] GC(5) Concurrent Cleanup for Next Mark
[2023-02-26T21:37:20.165+0100][gc,marking  ] GC(5) Concurrent Cleanup for Next Mark 10.941ms
[2023-02-26T21:37:20.165+0100][gc          ] GC(5) Concurrent Mark Cycle 46.419ms
[2023-02-26T21:48:16.729+0100][gc,start    ] GC(6) Pause Young (Prepare Mixed) (G1 Evacuation Pause)
[2023-02-26T21:48:16.730+0100][gc,task     ] GC(6) Using 4 workers of 4 for evacuation
[2023-02-26T21:48:16.770+0100][gc,mmu      ] GC(6) MMU target violated: 21.0ms (20.0ms/21.0ms)
[2023-02-26T21:48:16.770+0100][gc,phases   ] GC(6)   Pre Evacuate Collection Set: 1.7ms
[2023-02-26T21:48:16.770+0100][gc,phases   ] GC(6)   Merge Heap Roots: 0.8ms
[2023-02-26T21:48:16.770+0100][gc,phases   ] GC(6)   Evacuate Collection Set: 36.3ms
[2023-02-26T21:48:16.770+0100][gc,phases   ] GC(6)   Post Evacuate Collection Set: 1.0ms
[2023-02-26T21:48:16.770+0100][gc,phases   ] GC(6)   Other: 1.7ms
[2023-02-26T21:48:16.770+0100][gc,heap     ] GC(6) Eden regions: 45->0(48)
[2023-02-26T21:48:16.770+0100][gc,heap     ] GC(6) Survivor regions: 6->3(7)
[2023-02-26T21:48:16.770+0100][gc,heap     ] GC(6) Old regions: 9->13
[2023-02-26T21:48:16.770+0100][gc,heap     ] GC(6) Archive regions: 2->2
[2023-02-26T21:48:16.770+0100][gc,heap     ] GC(6) Humongous regions: 138->138
[2023-02-26T21:48:16.770+0100][gc,metaspace] GC(6) Metaspace: 37289K(37696K)->37289K(37696K) NonClass: 33126K(33344K)->33126K(33344K) Class: 4163K(4352K)->4163K(4352K)
[2023-02-26T21:48:16.771+0100][gc          ] GC(6) Pause Young (Prepare Mixed) (G1 Evacuation Pause) 198M->153M(1024M) 41.906ms
[2023-02-26T21:48:16.771+0100][gc,cpu      ] GC(6) User=0.03s Sys=0.05s Real=0.05s
[2023-02-26T21:57:35.513+0100][gc,start    ] GC(7) Pause Young (Mixed) (G1 Evacuation Pause)
[2023-02-26T21:57:35.513+0100][gc,task     ] GC(7) Using 4 workers of 4 for evacuation
[2023-02-26T21:57:35.534+0100][gc,mmu      ] GC(7) MMU target violated: 20.5ms (20.0ms/21.0ms)
[2023-02-26T21:57:35.534+0100][gc,phases   ] GC(7)   Pre Evacuate Collection Set: 0.2ms
[2023-02-26T21:57:35.534+0100][gc,phases   ] GC(7)   Merge Heap Roots: 0.1ms
[2023-02-26T21:57:35.534+0100][gc,phases   ] GC(7)   Evacuate Collection Set: 19.3ms
[2023-02-26T21:57:35.534+0100][gc,phases   ] GC(7)   Post Evacuate Collection Set: 1.0ms
[2023-02-26T21:57:35.534+0100][gc,phases   ] GC(7)   Other: 0.6ms
[2023-02-26T21:57:35.534+0100][gc,heap     ] GC(7) Eden regions: 48->0(47)
[2023-02-26T21:57:35.534+0100][gc,heap     ] GC(7) Survivor regions: 3->4(7)
[2023-02-26T21:57:35.534+0100][gc,heap     ] GC(7) Old regions: 13->13
[2023-02-26T21:57:35.534+0100][gc,heap     ] GC(7) Archive regions: 2->2
[2023-02-26T21:57:35.534+0100][gc,heap     ] GC(7) Humongous regions: 138->138
[2023-02-26T21:57:35.534+0100][gc,metaspace] GC(7) Metaspace: 37885K(38272K)->37885K(38272K) NonClass: 33673K(33856K)->33673K(33856K) Class: 4211K(4416K)->4211K(4416K)
[2023-02-26T21:57:35.534+0100][gc          ] GC(7) Pause Young (Mixed) (G1 Evacuation Pause) 201M->155M(1024M) 21.272ms
[2023-02-26T21:57:35.534+0100][gc,cpu      ] GC(7) User=0.04s Sys=0.01s Real=0.02s
[2023-02-26T22:04:16.617+0100][gc,start    ] GC(8) Pause Young (Normal) (G1 Evacuation Pause)
[2023-02-26T22:04:16.617+0100][gc,task     ] GC(8) Using 4 workers of 4 for evacuation
[2023-02-26T22:04:16.630+0100][gc,phases   ] GC(8)   Pre Evacuate Collection Set: 0.1ms
[2023-02-26T22:04:16.630+0100][gc,phases   ] GC(8)   Merge Heap Roots: 0.1ms
[2023-02-26T22:04:16.630+0100][gc,phases   ] GC(8)   Evacuate Collection Set: 11.3ms
[2023-02-26T22:04:16.630+0100][gc,phases   ] GC(8)   Post Evacuate Collection Set: 0.9ms
[2023-02-26T22:04:16.630+0100][gc,phases   ] GC(8)   Other: 0.8ms
[2023-02-26T22:04:16.630+0100][gc,heap     ] GC(8) Eden regions: 47->0(45)
[2023-02-26T22:04:16.630+0100][gc,heap     ] GC(8) Survivor regions: 4->6(7)
[2023-02-26T22:04:16.630+0100][gc,heap     ] GC(8) Old regions: 13->13
[2023-02-26T22:04:16.630+0100][gc,heap     ] GC(8) Archive regions: 2->2
[2023-02-26T22:04:16.630+0100][gc,heap     ] GC(8) Humongous regions: 138->138
[2023-02-26T22:04:16.630+0100][gc,metaspace] GC(8) Metaspace: 39941K(40512K)->39941K(40512K) NonClass: 35419K(35712K)->35419K(35712K) Class: 4521K(4800K)->4521K(4800K)
[2023-02-26T22:04:16.630+0100][gc          ] GC(8) Pause Young (Normal) (G1 Evacuation Pause) 202M->156M(1024M) 13.818ms
[2023-02-26T22:04:16.631+0100][gc,cpu      ] GC(8) User=0.03s Sys=0.01s Real=0.02s
[2023-02-26T22:11:34.817+0100][gc,start    ] GC(9) Pause Young (Normal) (G1 Evacuation Pause)
[2023-02-26T22:11:34.817+0100][gc,task     ] GC(9) Using 4 workers of 4 for evacuation
[2023-02-26T22:11:34.842+0100][gc,mmu      ] GC(9) MMU target violated: 21.0ms (20.0ms/21.0ms)
[2023-02-26T22:11:34.842+0100][gc,phases   ] GC(9)   Pre Evacuate Collection Set: 0.5ms
[2023-02-26T22:11:34.842+0100][gc,phases   ] GC(9)   Merge Heap Roots: 0.2ms
[2023-02-26T22:11:34.842+0100][gc,phases   ] GC(9)   Evacuate Collection Set: 22.9ms
[2023-02-26T22:11:34.842+0100][gc,phases   ] GC(9)   Post Evacuate Collection Set: 0.8ms
[2023-02-26T22:11:34.842+0100][gc,phases   ] GC(9)   Other: 1.0ms
[2023-02-26T22:11:34.842+0100][gc,heap     ] GC(9) Eden regions: 45->0(46)
[2023-02-26T22:11:34.842+0100][gc,heap     ] GC(9) Survivor regions: 6->5(7)
[2023-02-26T22:11:34.842+0100][gc,heap     ] GC(9) Old regions: 13->15
[2023-02-26T22:11:34.842+0100][gc,heap     ] GC(9) Archive regions: 2->2
[2023-02-26T22:11:34.842+0100][gc,heap     ] GC(9) Humongous regions: 138->138
[2023-02-26T22:11:34.842+0100][gc,metaspace] GC(9) Metaspace: 40115K(40640K)->40115K(40640K) NonClass: 35567K(35840K)->35567K(35840K) Class: 4547K(4800K)->4547K(4800K)
[2023-02-26T22:11:34.842+0100][gc          ] GC(9) Pause Young (Normal) (G1 Evacuation Pause) 201M->157M(1024M) 25.662ms
[2023-02-26T22:11:34.842+0100][gc,cpu      ] GC(9) User=0.03s Sys=0.02s Real=0.03s
[2023-02-26T22:19:21.579+0100][gc,start    ] GC(10) Pause Young (Normal) (G1 Evacuation Pause)
[2023-02-26T22:19:21.580+0100][gc,task     ] GC(10) Using 4 workers of 4 for evacuation
[2023-02-26T22:19:21.592+0100][gc,phases   ] GC(10)   Pre Evacuate Collection Set: 0.7ms
[2023-02-26T22:19:21.592+0100][gc,phases   ] GC(10)   Merge Heap Roots: 0.1ms
[2023-02-26T22:19:21.592+0100][gc,phases   ] GC(10)   Evacuate Collection Set: 10.7ms
[2023-02-26T22:19:21.592+0100][gc,phases   ] GC(10)   Post Evacuate Collection Set: 0.9ms
[2023-02-26T22:19:21.593+0100][gc,phases   ] GC(10)   Other: 0.6ms
[2023-02-26T22:19:21.593+0100][gc,heap     ] GC(10) Eden regions: 46->0(47)
[2023-02-26T22:19:21.593+0100][gc,heap     ] GC(10) Survivor regions: 5->4(7)
[2023-02-26T22:19:21.593+0100][gc,heap     ] GC(10) Old regions: 15->16
[2023-02-26T22:19:21.593+0100][gc,heap     ] GC(10) Archive regions: 2->2
[2023-02-26T22:19:21.593+0100][gc,heap     ] GC(10) Humongous regions: 138->138
[2023-02-26T22:19:21.593+0100][gc,metaspace] GC(10) Metaspace: 40176K(40768K)->40176K(40768K) NonClass: 35629K(35968K)->35629K(35968K) Class: 4547K(4800K)->4547K(4800K)
[2023-02-26T22:19:21.593+0100][gc          ] GC(10) Pause Young (Normal) (G1 Evacuation Pause) 203M->157M(1024M) 13.177ms
[2023-02-26T22:19:21.593+0100][gc,cpu      ] GC(10) User=0.02s Sys=0.02s Real=0.02s
[2023-02-26T22:27:36.533+0100][gc,start    ] GC(11) Pause Young (Normal) (G1 Evacuation Pause)
[2023-02-26T22:27:36.534+0100][gc,task     ] GC(11) Using 4 workers of 4 for evacuation
[2023-02-26T22:27:36.540+0100][gc,phases   ] GC(11)   Pre Evacuate Collection Set: 0.1ms
[2023-02-26T22:27:36.540+0100][gc,phases   ] GC(11)   Merge Heap Roots: 0.1ms
[2023-02-26T22:27:36.540+0100][gc,phases   ] GC(11)   Evacuate Collection Set: 5.0ms
[2023-02-26T22:27:36.540+0100][gc,phases   ] GC(11)   Post Evacuate Collection Set: 0.4ms
[2023-02-26T22:27:36.540+0100][gc,phases   ] GC(11)   Other: 1.7ms
[2023-02-26T22:27:36.540+0100][gc,heap     ] GC(11) Eden regions: 47->0(47)
[2023-02-26T22:27:36.540+0100][gc,heap     ] GC(11) Survivor regions: 4->4(7)
[2023-02-26T22:27:36.540+0100][gc,heap     ] GC(11) Old regions: 16->16
[2023-02-26T22:27:36.540+0100][gc,heap     ] GC(11) Archive regions: 2->2
[2023-02-26T22:27:36.540+0100][gc,heap     ] GC(11) Humongous regions: 138->138
[2023-02-26T22:27:36.540+0100][gc,metaspace] GC(11) Metaspace: 40208K(40768K)->40208K(40768K) NonClass: 35660K(35968K)->35660K(35968K) Class: 4548K(4800K)->4548K(4800K)
[2023-02-26T22:27:36.540+0100][gc          ] GC(11) Pause Young (Normal) (G1 Evacuation Pause) 204M->158M(1024M) 7.537ms
[2023-02-26T22:27:36.540+0100][gc,cpu      ] GC(11) User=0.02s Sys=0.00s Real=0.01s
[2023-02-26T22:35:45.346+0100][gc,start    ] GC(12) Pause Young (Normal) (G1 Evacuation Pause)
[2023-02-26T22:35:45.346+0100][gc,task     ] GC(12) Using 4 workers of 4 for evacuation
[2023-02-26T22:35:45.354+0100][gc,phases   ] GC(12)   Pre Evacuate Collection Set: 0.5ms
[2023-02-26T22:35:45.354+0100][gc,phases   ] GC(12)   Merge Heap Roots: 0.1ms
[2023-02-26T22:35:45.354+0100][gc,phases   ] GC(12)   Evacuate Collection Set: 6.5ms
[2023-02-26T22:35:45.354+0100][gc,phases   ] GC(12)   Post Evacuate Collection Set: 0.4ms
[2023-02-26T22:35:45.354+0100][gc,phases   ] GC(12)   Other: 0.8ms
[2023-02-26T22:35:45.354+0100][gc,heap     ] GC(12) Eden regions: 47->0(52)
[2023-02-26T22:35:45.354+0100][gc,heap     ] GC(12) Survivor regions: 4->4(7)
[2023-02-26T22:35:45.354+0100][gc,heap     ] GC(12) Old regions: 16->16
[2023-02-26T22:35:45.354+0100][gc,heap     ] GC(12) Archive regions: 2->2
[2023-02-26T22:35:45.354+0100][gc,heap     ] GC(12) Humongous regions: 138->138
[2023-02-26T22:35:45.354+0100][gc,metaspace] GC(12) Metaspace: 40217K(40768K)->40217K(40768K) NonClass: 35669K(35968K)->35669K(35968K) Class: 4548K(4800K)->4548K(4800K)
[2023-02-26T22:35:45.355+0100][gc          ] GC(12) Pause Young (Normal) (G1 Evacuation Pause) 205M->158M(1024M) 8.499ms
[2023-02-26T22:35:45.355+0100][gc,cpu      ] GC(12) User=0.02s Sys=0.00s Real=0.01s
[2023-02-27T02:55:29.787+0100][gc,start    ] GC(13) Pause Young (Normal) (G1 Evacuation Pause)
[2023-02-27T02:55:29.788+0100][gc,task     ] GC(13) Using 4 workers of 4 for evacuation
[2023-02-27T02:55:29.845+0100][gc,mmu      ] GC(13) MMU target violated: 21.0ms (20.0ms/21.0ms)
[2023-02-27T02:55:29.845+0100][gc,phases   ] GC(13)   Pre Evacuate Collection Set: 1.9ms
[2023-02-27T02:55:29.845+0100][gc,phases   ] GC(13)   Merge Heap Roots: 1.1ms
[2023-02-27T02:55:29.845+0100][gc,phases   ] GC(13)   Evacuate Collection Set: 51.8ms
[2023-02-27T02:55:29.845+0100][gc,phases   ] GC(13)   Post Evacuate Collection Set: 1.8ms
[2023-02-27T02:55:29.846+0100][gc,phases   ] GC(13)   Other: 2.4ms
[2023-02-27T02:55:29.846+0100][gc,heap     ] GC(13) Eden regions: 51->0(46)
[2023-02-27T02:55:29.846+0100][gc,heap     ] GC(13) Survivor regions: 4->5(7)
[2023-02-27T02:55:29.846+0100][gc,heap     ] GC(13) Old regions: 16->16
[2023-02-27T02:55:29.846+0100][gc,heap     ] GC(13) Archive regions: 2->2
[2023-02-27T02:55:29.846+0100][gc,heap     ] GC(13) Humongous regions: 147->147
[2023-02-27T02:55:29.846+0100][gc,metaspace] GC(13) Metaspace: 40561K(41088K)->40561K(41088K) NonClass: 35960K(36224K)->35960K(36224K) Class: 4601K(4864K)->4601K(4864K)
[2023-02-27T02:55:29.846+0100][gc          ] GC(13) Pause Young (Normal) (G1 Evacuation Pause) 218M->168M(1024M) 58.929ms
[2023-02-27T02:55:29.846+0100][gc,cpu      ] GC(13) User=0.03s Sys=0.08s Real=0.06s
[2023-02-27T02:55:43.694+0100][gc,start    ] GC(14) Pause Young (Normal) (G1 Evacuation Pause)
[2023-02-27T02:55:43.694+0100][gc,task     ] GC(14) Using 4 workers of 4 for evacuation
[2023-02-27T02:55:43.704+0100][gc,phases   ] GC(14)   Pre Evacuate Collection Set: 0.2ms
[2023-02-27T02:55:43.704+0100][gc,phases   ] GC(14)   Merge Heap Roots: 0.1ms
[2023-02-27T02:55:43.704+0100][gc,phases   ] GC(14)   Evacuate Collection Set: 9.7ms
[2023-02-27T02:55:43.704+0100][gc,phases   ] GC(14)   Post Evacuate Collection Set: 0.4ms
[2023-02-27T02:55:43.704+0100][gc,phases   ] GC(14)   Other: 0.3ms
[2023-02-27T02:55:43.704+0100][gc,heap     ] GC(14) Eden regions: 46->0(47)
[2023-02-27T02:55:43.704+0100][gc,heap     ] GC(14) Survivor regions: 5->4(7)
[2023-02-27T02:55:43.704+0100][gc,heap     ] GC(14) Old regions: 16->18
[2023-02-27T02:55:43.704+0100][gc,heap     ] GC(14) Archive regions: 2->2
[2023-02-27T02:55:43.704+0100][gc,heap     ] GC(14) Humongous regions: 147->147
[2023-02-27T02:55:43.704+0100][gc,metaspace] GC(14) Metaspace: 40576K(41088K)->40576K(41088K) NonClass: 35975K(36224K)->35975K(36224K) Class: 4601K(4864K)->4601K(4864K)
[2023-02-27T02:55:43.704+0100][gc          ] GC(14) Pause Young (Normal) (G1 Evacuation Pause) 214M->168M(1024M) 10.902ms
[2023-02-27T02:55:43.705+0100][gc,cpu      ] GC(14) User=0.03s Sys=0.00s Real=0.01s
[2023-02-27T02:55:46.191+0100][gc,start    ] GC(15) Pause Young (Normal) (G1 Evacuation Pause)
[2023-02-27T02:55:46.191+0100][gc,task     ] GC(15) Using 4 workers of 4 for evacuation
[2023-02-27T02:55:46.196+0100][gc,phases   ] GC(15)   Pre Evacuate Collection Set: 0.1ms
[2023-02-27T02:55:46.196+0100][gc,phases   ] GC(15)   Merge Heap Roots: 0.0ms
[2023-02-27T02:55:46.196+0100][gc,phases   ] GC(15)   Evacuate Collection Set: 4.7ms
[2023-02-27T02:55:46.196+0100][gc,phases   ] GC(15)   Post Evacuate Collection Set: 0.3ms
[2023-02-27T02:55:46.196+0100][gc,phases   ] GC(15)   Other: 0.2ms
[2023-02-27T02:55:46.196+0100][gc,heap     ] GC(15) Eden regions: 47->0(47)
[2023-02-27T02:55:46.196+0100][gc,heap     ] GC(15) Survivor regions: 4->4(7)
[2023-02-27T02:55:46.196+0100][gc,heap     ] GC(15) Old regions: 18->18
[2023-02-27T02:55:46.196+0100][gc,heap     ] GC(15) Archive regions: 2->2
[2023-02-27T02:55:46.196+0100][gc,heap     ] GC(15) Humongous regions: 147->147
[2023-02-27T02:55:46.196+0100][gc,metaspace] GC(15) Metaspace: 40578K(41088K)->40578K(41088K) NonClass: 35977K(36224K)->35977K(36224K) Class: 4601K(4864K)->4601K(4864K)
[2023-02-27T02:55:46.196+0100][gc          ] GC(15) Pause Young (Normal) (G1 Evacuation Pause) 215M->168M(1024M) 5.511ms
[2023-02-27T02:55:46.196+0100][gc,cpu      ] GC(15) User=0.02s Sys=0.01s Real=0.00s
[2023-02-27T06:27:43.358+0100][gc,start    ] GC(16) Pause Young (Normal) (G1 Evacuation Pause)
[2023-02-27T06:27:43.360+0100][gc,task     ] GC(16) Using 4 workers of 4 for evacuation
[2023-02-27T06:27:43.387+0100][gc,mmu      ] GC(16) MMU target violated: 21.0ms (20.0ms/21.0ms)
[2023-02-27T06:27:43.388+0100][gc,phases   ] GC(16)   Pre Evacuate Collection Set: 1.8ms
[2023-02-27T06:27:43.388+0100][gc,phases   ] GC(16)   Merge Heap Roots: 1.2ms
[2023-02-27T06:27:43.388+0100][gc,phases   ] GC(16)   Evacuate Collection Set: 21.0ms
[2023-02-27T06:27:43.388+0100][gc,phases   ] GC(16)   Post Evacuate Collection Set: 2.2ms
[2023-02-27T06:27:43.388+0100][gc,phases   ] GC(16)   Other: 5.0ms
[2023-02-27T06:27:43.388+0100][gc,heap     ] GC(16) Eden regions: 47->0(47)
[2023-02-27T06:27:43.388+0100][gc,heap     ] GC(16) Survivor regions: 4->4(7)
[2023-02-27T06:27:43.388+0100][gc,heap     ] GC(16) Old regions: 18->18
[2023-02-27T06:27:43.388+0100][gc,heap     ] GC(16) Archive regions: 2->2
[2023-02-27T06:27:43.388+0100][gc,heap     ] GC(16) Humongous regions: 165->147
[2023-02-27T06:27:43.388+0100][gc,metaspace] GC(16) Metaspace: 40847K(41408K)->40847K(41408K) NonClass: 36189K(36480K)->36189K(36480K) Class: 4658K(4928K)->4658K(4928K)
[2023-02-27T06:27:43.389+0100][gc          ] GC(16) Pause Young (Normal) (G1 Evacuation Pause) 233M->168M(1024M) 30.709ms
[2023-02-27T06:27:43.389+0100][gc,cpu      ] GC(16) User=0.02s Sys=0.04s Real=0.03s
[2023-02-27T21:29:02.500+0100][gc,start    ] GC(17) Pause Young (Normal) (G1 Evacuation Pause)
[2023-02-27T21:29:02.502+0100][gc,task     ] GC(17) Using 4 workers of 4 for evacuation
[2023-02-27T21:29:02.563+0100][gc,mmu      ] GC(17) MMU target violated: 21.0ms (20.0ms/21.0ms)
[2023-02-27T21:29:02.563+0100][gc,phases   ] GC(17)   Pre Evacuate Collection Set: 2.0ms
[2023-02-27T21:29:02.563+0100][gc,phases   ] GC(17)   Merge Heap Roots: 0.4ms
[2023-02-27T21:29:02.563+0100][gc,phases   ] GC(17)   Evacuate Collection Set: 54.7ms
[2023-02-27T21:29:02.563+0100][gc,phases   ] GC(17)   Post Evacuate Collection Set: 2.0ms
[2023-02-27T21:29:02.563+0100][gc,phases   ] GC(17)   Other: 5.2ms
[2023-02-27T21:29:02.563+0100][gc,heap     ] GC(17) Eden regions: 47->0(47)
[2023-02-27T21:29:02.563+0100][gc,heap     ] GC(17) Survivor regions: 4->4(7)
[2023-02-27T21:29:02.563+0100][gc,heap     ] GC(17) Old regions: 18->18
[2023-02-27T21:29:02.563+0100][gc,heap     ] GC(17) Archive regions: 2->2
[2023-02-27T21:29:02.563+0100][gc,heap     ] GC(17) Humongous regions: 165->147
[2023-02-27T21:29:02.563+0100][gc,metaspace] GC(17) Metaspace: 40902K(41472K)->40902K(41472K) NonClass: 36243K(36544K)->36243K(36544K) Class: 4659K(4928K)->4659K(4928K)
[2023-02-27T21:29:02.563+0100][gc          ] GC(17) Pause Young (Normal) (G1 Evacuation Pause) 233M->168M(1024M) 63.136ms
[2023-02-27T21:29:02.563+0100][gc,cpu      ] GC(17) User=0.02s Sys=0.11s Real=0.06s
[2023-02-27T21:37:47.661+0100][gc,start    ] GC(18) Pause Young (Normal) (G1 Evacuation Pause)
[2023-02-27T21:37:47.663+0100][gc,task     ] GC(18) Using 4 workers of 4 for evacuation
[2023-02-27T21:37:47.671+0100][gc,phases   ] GC(18)   Pre Evacuate Collection Set: 0.3ms
[2023-02-27T21:37:47.672+0100][gc,phases   ] GC(18)   Merge Heap Roots: 0.1ms
[2023-02-27T21:37:47.672+0100][gc,phases   ] GC(18)   Evacuate Collection Set: 7.8ms
[2023-02-27T21:37:47.672+0100][gc,phases   ] GC(18)   Post Evacuate Collection Set: 0.4ms
[2023-02-27T21:37:47.672+0100][gc,phases   ] GC(18)   Other: 2.0ms
[2023-02-27T21:37:47.672+0100][gc,heap     ] GC(18) Eden regions: 47->0(47)
[2023-02-27T21:37:47.672+0100][gc,heap     ] GC(18) Survivor regions: 4->4(7)
[2023-02-27T21:37:47.672+0100][gc,heap     ] GC(18) Old regions: 18->18
[2023-02-27T21:37:47.672+0100][gc,heap     ] GC(18) Archive regions: 2->2
[2023-02-27T21:37:47.672+0100][gc,heap     ] GC(18) Humongous regions: 147->147
[2023-02-27T21:37:47.672+0100][gc,metaspace] GC(18) Metaspace: 40918K(41472K)->40918K(41472K) NonClass: 36258K(36544K)->36258K(36544K) Class: 4659K(4928K)->4659K(4928K)
[2023-02-27T21:37:47.672+0100][gc          ] GC(18) Pause Young (Normal) (G1 Evacuation Pause) 215M->168M(1024M) 10.801ms
[2023-02-27T21:37:47.672+0100][gc,cpu      ] GC(18) User=0.02s Sys=0.00s Real=0.01s
[2023-02-27T21:46:35.253+0100][gc,start    ] GC(19) Pause Young (Normal) (G1 Evacuation Pause)
[2023-02-27T21:46:35.255+0100][gc,task     ] GC(19) Using 4 workers of 4 for evacuation
[2023-02-27T21:46:35.276+0100][gc,mmu      ] GC(19) MMU target violated: 20.6ms (20.0ms/21.0ms)
[2023-02-27T21:46:35.276+0100][gc,phases   ] GC(19)   Pre Evacuate Collection Set: 1.2ms
[2023-02-27T21:46:35.276+0100][gc,phases   ] GC(19)   Merge Heap Roots: 0.3ms
[2023-02-27T21:46:35.276+0100][gc,phases   ] GC(19)   Evacuate Collection Set: 18.5ms
[2023-02-27T21:46:35.276+0100][gc,phases   ] GC(19)   Post Evacuate Collection Set: 0.9ms
[2023-02-27T21:46:35.276+0100][gc,phases   ] GC(19)   Other: 2.1ms
[2023-02-27T21:46:35.276+0100][gc,heap     ] GC(19) Eden regions: 47->0(47)
[2023-02-27T21:46:35.276+0100][gc,heap     ] GC(19) Survivor regions: 4->4(7)
[2023-02-27T21:46:35.276+0100][gc,heap     ] GC(19) Old regions: 18->18
[2023-02-27T21:46:35.276+0100][gc,heap     ] GC(19) Archive regions: 2->2
[2023-02-27T21:46:35.276+0100][gc,heap     ] GC(19) Humongous regions: 147->147
[2023-02-27T21:46:35.276+0100][gc,metaspace] GC(19) Metaspace: 40918K(41472K)->40918K(41472K) NonClass: 36258K(36544K)->36258K(36544K) Class: 4659K(4928K)->4659K(4928K)
[2023-02-27T21:46:35.276+0100][gc          ] GC(19) Pause Young (Normal) (G1 Evacuation Pause) 215M->168M(1024M) 23.001ms
[2023-02-27T21:46:35.276+0100][gc,cpu      ] GC(19) User=0.02s Sys=0.03s Real=0.02s
[2023-02-27T21:55:25.706+0100][gc,start    ] GC(20) Pause Young (Normal) (G1 Evacuation Pause)
[2023-02-27T21:55:25.708+0100][gc,task     ] GC(20) Using 4 workers of 4 for evacuation
[2023-02-27T21:55:25.725+0100][gc,phases   ] GC(20)   Pre Evacuate Collection Set: 0.4ms
[2023-02-27T21:55:25.725+0100][gc,phases   ] GC(20)   Merge Heap Roots: 0.1ms
[2023-02-27T21:55:25.725+0100][gc,phases   ] GC(20)   Evacuate Collection Set: 14.7ms
[2023-02-27T21:55:25.725+0100][gc,phases   ] GC(20)   Post Evacuate Collection Set: 1.5ms
[2023-02-27T21:55:25.725+0100][gc,phases   ] GC(20)   Other: 2.1ms
[2023-02-27T21:55:25.725+0100][gc,heap     ] GC(20) Eden regions: 47->0(48)
[2023-02-27T21:55:25.725+0100][gc,heap     ] GC(20) Survivor regions: 4->3(7)
[2023-02-27T21:55:25.725+0100][gc,heap     ] GC(20) Old regions: 18->19
[2023-02-27T21:55:25.725+0100][gc,heap     ] GC(20) Archive regions: 2->2
[2023-02-27T21:55:25.725+0100][gc,heap     ] GC(20) Humongous regions: 147->147
[2023-02-27T21:55:25.725+0100][gc,metaspace] GC(20) Metaspace: 40932K(41472K)->40932K(41472K) NonClass: 36272K(36544K)->36272K(36544K) Class: 4659K(4928K)->4659K(4928K)
[2023-02-27T21:55:25.725+0100][gc          ] GC(20) Pause Young (Normal) (G1 Evacuation Pause) 215M->168M(1024M) 19.102ms
[2023-02-27T21:55:25.725+0100][gc,cpu      ] GC(20) User=0.03s Sys=0.01s Real=0.02s
[2023-02-27T22:04:29.769+0100][gc,start    ] GC(21) Pause Young (Normal) (G1 Evacuation Pause)
[2023-02-27T22:04:29.770+0100][gc,task     ] GC(21) Using 4 workers of 4 for evacuation
[2023-02-27T22:04:29.775+0100][gc,phases   ] GC(21)   Pre Evacuate Collection Set: 0.2ms
[2023-02-27T22:04:29.775+0100][gc,phases   ] GC(21)   Merge Heap Roots: 0.1ms
[2023-02-27T22:04:29.775+0100][gc,phases   ] GC(21)   Evacuate Collection Set: 4.0ms
[2023-02-27T22:04:29.775+0100][gc,phases   ] GC(21)   Post Evacuate Collection Set: 0.7ms
[2023-02-27T22:04:29.775+0100][gc,phases   ] GC(21)   Other: 0.8ms
[2023-02-27T22:04:29.775+0100][gc,heap     ] GC(21) Eden regions: 48->0(56)
[2023-02-27T22:04:29.775+0100][gc,heap     ] GC(21) Survivor regions: 3->3(7)
[2023-02-27T22:04:29.775+0100][gc,heap     ] GC(21) Old regions: 19->19
[2023-02-27T22:04:29.775+0100][gc,heap     ] GC(21) Archive regions: 2->2
[2023-02-27T22:04:29.775+0100][gc,heap     ] GC(21) Humongous regions: 147->147
[2023-02-27T22:04:29.775+0100][gc,metaspace] GC(21) Metaspace: 40934K(41472K)->40934K(41472K) NonClass: 36274K(36544K)->36274K(36544K) Class: 4659K(4928K)->4659K(4928K)
[2023-02-27T22:04:29.775+0100][gc          ] GC(21) Pause Young (Normal) (G1 Evacuation Pause) 216M->169M(1024M) 5.931ms
[2023-02-27T22:04:29.775+0100][gc,cpu      ] GC(21) User=0.02s Sys=0.00s Real=0.01s
[2023-02-27T22:15:10.180+0100][gc,start    ] GC(22) Pause Young (Normal) (G1 Evacuation Pause)
[2023-02-27T22:15:10.182+0100][gc,task     ] GC(22) Using 4 workers of 4 for evacuation
[2023-02-27T22:15:10.201+0100][gc,phases   ] GC(22)   Pre Evacuate Collection Set: 1.3ms
[2023-02-27T22:15:10.201+0100][gc,phases   ] GC(22)   Merge Heap Roots: 0.2ms
[2023-02-27T22:15:10.201+0100][gc,phases   ] GC(22)   Evacuate Collection Set: 14.9ms
[2023-02-27T22:15:10.201+0100][gc,phases   ] GC(22)   Post Evacuate Collection Set: 2.5ms
[2023-02-27T22:15:10.201+0100][gc,phases   ] GC(22)   Other: 2.4ms
[2023-02-27T22:15:10.201+0100][gc,heap     ] GC(22) Eden regions: 56->0(47)
[2023-02-27T22:15:10.201+0100][gc,heap     ] GC(22) Survivor regions: 3->4(8)
[2023-02-27T22:15:10.201+0100][gc,heap     ] GC(22) Old regions: 19->19
[2023-02-27T22:15:10.201+0100][gc,heap     ] GC(22) Archive regions: 2->2
[2023-02-27T22:15:10.201+0100][gc,heap     ] GC(22) Humongous regions: 147->147
[2023-02-27T22:15:10.201+0100][gc,metaspace] GC(22) Metaspace: 40936K(41472K)->40936K(41472K) NonClass: 36276K(36544K)->36276K(36544K) Class: 4659K(4928K)->4659K(4928K)
[2023-02-27T22:15:10.201+0100][gc          ] GC(22) Pause Young (Normal) (G1 Evacuation Pause) 225M->169M(1024M) 21.422ms
[2023-02-27T22:15:10.201+0100][gc,cpu      ] GC(22) User=0.02s Sys=0.03s Real=0.02s
[2023-02-27T22:23:19.143+0100][gc,start    ] GC(23) Pause Young (Normal) (G1 Evacuation Pause)
[2023-02-27T22:23:19.144+0100][gc,task     ] GC(23) Using 4 workers of 4 for evacuation
[2023-02-27T22:23:19.151+0100][gc,phases   ] GC(23)   Pre Evacuate Collection Set: 0.3ms
[2023-02-27T22:23:19.151+0100][gc,phases   ] GC(23)   Merge Heap Roots: 0.1ms
[2023-02-27T22:23:19.151+0100][gc,phases   ] GC(23)   Evacuate Collection Set: 5.8ms
[2023-02-27T22:23:19.151+0100][gc,phases   ] GC(23)   Post Evacuate Collection Set: 0.8ms
[2023-02-27T22:23:19.151+0100][gc,phases   ] GC(23)   Other: 0.8ms
[2023-02-27T22:23:19.151+0100][gc,heap     ] GC(23) Eden regions: 47->0(47)
[2023-02-27T22:23:19.151+0100][gc,heap     ] GC(23) Survivor regions: 4->4(7)
[2023-02-27T22:23:19.151+0100][gc,heap     ] GC(23) Old regions: 19->19
[2023-02-27T22:23:19.151+0100][gc,heap     ] GC(23) Archive regions: 2->2
[2023-02-27T22:23:19.151+0100][gc,heap     ] GC(23) Humongous regions: 147->147
[2023-02-27T22:23:19.151+0100][gc,metaspace] GC(23) Metaspace: 41008K(41536K)->41008K(41536K) NonClass: 36332K(36608K)->36332K(36608K) Class: 4676K(4928K)->4676K(4928K)
[2023-02-27T22:23:19.151+0100][gc          ] GC(23) Pause Young (Normal) (G1 Evacuation Pause) 216M->169M(1024M) 8.003ms
[2023-02-27T22:23:19.151+0100][gc,cpu      ] GC(23) User=0.02s Sys=0.00s Real=0.01s
[2023-02-28T09:34:10.402+0100][gc,start    ] GC(24) Pause Young (Normal) (G1 Evacuation Pause)
[2023-02-28T09:34:10.402+0100][gc,task     ] GC(24) Using 4 workers of 4 for evacuation
[2023-02-28T09:34:10.560+0100][gc,mmu      ] GC(24) MMU target violated: 21.0ms (20.0ms/21.0ms)
[2023-02-28T09:34:10.560+0100][gc,phases   ] GC(24)   Pre Evacuate Collection Set: 1.4ms
[2023-02-28T09:34:10.560+0100][gc,phases   ] GC(24)   Merge Heap Roots: 0.7ms
[2023-02-28T09:34:10.560+0100][gc,phases   ] GC(24)   Evacuate Collection Set: 152.7ms
[2023-02-28T09:34:10.560+0100][gc,phases   ] GC(24)   Post Evacuate Collection Set: 2.6ms
[2023-02-28T09:34:10.560+0100][gc,phases   ] GC(24)   Other: 1.4ms
[2023-02-28T09:34:10.560+0100][gc,heap     ] GC(24) Eden regions: 47->0(46)
[2023-02-28T09:34:10.560+0100][gc,heap     ] GC(24) Survivor regions: 4->5(7)
[2023-02-28T09:34:10.560+0100][gc,heap     ] GC(24) Old regions: 19->19
[2023-02-28T09:34:10.560+0100][gc,heap     ] GC(24) Archive regions: 2->2
[2023-02-28T09:34:10.560+0100][gc,heap     ] GC(24) Humongous regions: 147->147
[2023-02-28T09:34:10.560+0100][gc,metaspace] GC(24) Metaspace: 41089K(41664K)->41089K(41664K) NonClass: 36413K(36736K)->36413K(36736K) Class: 4676K(4928K)->4676K(4928K)
[2023-02-28T09:34:10.560+0100][gc          ] GC(24) Pause Young (Normal) (G1 Evacuation Pause) 216M->170M(1024M) 158.670ms
[2023-02-28T09:34:10.560+0100][gc,cpu      ] GC(24) User=0.03s Sys=0.12s Real=0.16s
[2023-02-28T09:42:30.579+0100][gc,start    ] GC(25) Pause Young (Normal) (G1 Evacuation Pause)
[2023-02-28T09:42:30.580+0100][gc,task     ] GC(25) Using 4 workers of 4 for evacuation
[2023-02-28T09:42:30.598+0100][gc,phases   ] GC(25)   Pre Evacuate Collection Set: 1.5ms
[2023-02-28T09:42:30.598+0100][gc,phases   ] GC(25)   Merge Heap Roots: 0.4ms
[2023-02-28T09:42:30.598+0100][gc,phases   ] GC(25)   Evacuate Collection Set: 14.9ms
[2023-02-28T09:42:30.598+0100][gc,phases   ] GC(25)   Post Evacuate Collection Set: 1.3ms
[2023-02-28T09:42:30.598+0100][gc,phases   ] GC(25)   Other: 1.3ms
[2023-02-28T09:42:30.598+0100][gc,heap     ] GC(25) Eden regions: 46->0(47)
[2023-02-28T09:42:30.598+0100][gc,heap     ] GC(25) Survivor regions: 5->4(7)
[2023-02-28T09:42:30.598+0100][gc,heap     ] GC(25) Old regions: 19->19
[2023-02-28T09:42:30.598+0100][gc,heap     ] GC(25) Archive regions: 2->2
[2023-02-28T09:42:30.598+0100][gc,heap     ] GC(25) Humongous regions: 165->147
[2023-02-28T09:42:30.598+0100][gc,metaspace] GC(25) Metaspace: 41133K(41728K)->41133K(41728K) NonClass: 36457K(36800K)->36457K(36800K) Class: 4676K(4928K)->4676K(4928K)
[2023-02-28T09:42:30.598+0100][gc          ] GC(25) Pause Young (Normal) (G1 Evacuation Pause) 234M->170M(1024M) 19.395ms
[2023-02-28T09:42:30.598+0100][gc,cpu      ] GC(25) User=0.02s Sys=0.03s Real=0.02s
[2023-02-28T09:51:04.782+0100][gc,start    ] GC(26) Pause Young (Normal) (G1 Evacuation Pause)
[2023-02-28T09:51:04.782+0100][gc,task     ] GC(26) Using 4 workers of 4 for evacuation
[2023-02-28T09:51:04.789+0100][gc,phases   ] GC(26)   Pre Evacuate Collection Set: 0.2ms
[2023-02-28T09:51:04.789+0100][gc,phases   ] GC(26)   Merge Heap Roots: 0.1ms
[2023-02-28T09:51:04.789+0100][gc,phases   ] GC(26)   Evacuate Collection Set: 6.1ms
[2023-02-28T09:51:04.789+0100][gc,phases   ] GC(26)   Post Evacuate Collection Set: 0.3ms
[2023-02-28T09:51:04.789+0100][gc,phases   ] GC(26)   Other: 0.7ms
[2023-02-28T09:51:04.789+0100][gc,heap     ] GC(26) Eden regions: 47->0(47)
[2023-02-28T09:51:04.789+0100][gc,heap     ] GC(26) Survivor regions: 4->4(7)
[2023-02-28T09:51:04.789+0100][gc,heap     ] GC(26) Old regions: 19->19
[2023-02-28T09:51:04.789+0100][gc,heap     ] GC(26) Archive regions: 2->2
[2023-02-28T09:51:04.789+0100][gc,heap     ] GC(26) Humongous regions: 147->147
[2023-02-28T09:51:04.789+0100][gc,metaspace] GC(26) Metaspace: 41137K(41728K)->41137K(41728K) NonClass: 36461K(36800K)->36461K(36800K) Class: 4676K(4928K)->4676K(4928K)
[2023-02-28T09:51:04.789+0100][gc          ] GC(26) Pause Young (Normal) (G1 Evacuation Pause) 217M->170M(1024M) 7.543ms
[2023-02-28T09:51:04.789+0100][gc,cpu      ] GC(26) User=0.03s Sys=0.00s Real=0.00s
[2023-02-28T09:59:38.058+0100][gc,start    ] GC(27) Pause Young (Normal) (G1 Evacuation Pause)
[2023-02-28T09:59:38.059+0100][gc,task     ] GC(27) Using 4 workers of 4 for evacuation
[2023-02-28T09:59:38.069+0100][gc,phases   ] GC(27)   Pre Evacuate Collection Set: 0.3ms
[2023-02-28T09:59:38.069+0100][gc,phases   ] GC(27)   Merge Heap Roots: 0.1ms
[2023-02-28T09:59:38.069+0100][gc,phases   ] GC(27)   Evacuate Collection Set: 8.8ms
[2023-02-28T09:59:38.069+0100][gc,phases   ] GC(27)   Post Evacuate Collection Set: 0.5ms
[2023-02-28T09:59:38.069+0100][gc,phases   ] GC(27)   Other: 2.1ms
[2023-02-28T09:59:38.069+0100][gc,heap     ] GC(27) Eden regions: 47->0(47)
[2023-02-28T09:59:38.069+0100][gc,heap     ] GC(27) Survivor regions: 4->4(7)
[2023-02-28T09:59:38.069+0100][gc,heap     ] GC(27) Old regions: 19->20
[2023-02-28T09:59:38.069+0100][gc,heap     ] GC(27) Archive regions: 2->2
[2023-02-28T09:59:38.069+0100][gc,heap     ] GC(27) Humongous regions: 147->147
[2023-02-28T09:59:38.069+0100][gc,metaspace] GC(27) Metaspace: 41137K(41728K)->41137K(41728K) NonClass: 36461K(36800K)->36461K(36800K) Class: 4676K(4928K)->4676K(4928K)
[2023-02-28T09:59:38.069+0100][gc          ] GC(27) Pause Young (Normal) (G1 Evacuation Pause) 217M->170M(1024M) 11.946ms
[2023-02-28T09:59:38.070+0100][gc,cpu      ] GC(27) User=0.03s Sys=0.01s Real=0.02s
[2023-02-28T10:08:12.490+0100][gc,start    ] GC(28) Pause Young (Normal) (G1 Evacuation Pause)
[2023-02-28T10:08:12.491+0100][gc,task     ] GC(28) Using 4 workers of 4 for evacuation
[2023-02-28T10:08:12.502+0100][gc,phases   ] GC(28)   Pre Evacuate Collection Set: 1.2ms
[2023-02-28T10:08:12.502+0100][gc,phases   ] GC(28)   Merge Heap Roots: 0.3ms
[2023-02-28T10:08:12.502+0100][gc,phases   ] GC(28)   Evacuate Collection Set: 8.6ms
[2023-02-28T10:08:12.502+0100][gc,phases   ] GC(28)   Post Evacuate Collection Set: 0.6ms
[2023-02-28T10:08:12.502+0100][gc,phases   ] GC(28)   Other: 1.1ms
[2023-02-28T10:08:12.502+0100][gc,heap     ] GC(28) Eden regions: 47->0(47)
[2023-02-28T10:08:12.502+0100][gc,heap     ] GC(28) Survivor regions: 4->4(7)
[2023-02-28T10:08:12.502+0100][gc,heap     ] GC(28) Old regions: 20->20
[2023-02-28T10:08:12.502+0100][gc,heap     ] GC(28) Archive regions: 2->2
[2023-02-28T10:08:12.502+0100][gc,heap     ] GC(28) Humongous regions: 147->147
[2023-02-28T10:08:12.502+0100][gc,metaspace] GC(28) Metaspace: 41143K(41728K)->41143K(41728K) NonClass: 36467K(36800K)->36467K(36800K) Class: 4676K(4928K)->4676K(4928K)
[2023-02-28T10:08:12.502+0100][gc          ] GC(28) Pause Young (Normal) (G1 Evacuation Pause) 217M->171M(1024M) 11.739ms
[2023-02-28T10:08:12.502+0100][gc,cpu      ] GC(28) User=0.02s Sys=0.01s Real=0.01s
[2023-02-28T10:16:47.301+0100][gc,start    ] GC(29) Pause Young (Normal) (G1 Evacuation Pause)
[2023-02-28T10:16:47.301+0100][gc,task     ] GC(29) Using 4 workers of 4 for evacuation
[2023-02-28T10:16:47.309+0100][gc,phases   ] GC(29)   Pre Evacuate Collection Set: 0.3ms
[2023-02-28T10:16:47.309+0100][gc,phases   ] GC(29)   Merge Heap Roots: 0.1ms
[2023-02-28T10:16:47.309+0100][gc,phases   ] GC(29)   Evacuate Collection Set: 6.4ms
[2023-02-28T10:16:47.309+0100][gc,phases   ] GC(29)   Post Evacuate Collection Set: 0.4ms
[2023-02-28T10:16:47.309+0100][gc,phases   ] GC(29)   Other: 0.4ms
[2023-02-28T10:16:47.309+0100][gc,heap     ] GC(29) Eden regions: 47->0(47)
[2023-02-28T10:16:47.309+0100][gc,heap     ] GC(29) Survivor regions: 4->4(7)
[2023-02-28T10:16:47.309+0100][gc,heap     ] GC(29) Old regions: 20->20
[2023-02-28T10:16:47.309+0100][gc,heap     ] GC(29) Archive regions: 2->2
[2023-02-28T10:16:47.309+0100][gc,heap     ] GC(29) Humongous regions: 147->147
[2023-02-28T10:16:47.309+0100][gc,metaspace] GC(29) Metaspace: 41146K(41728K)->41146K(41728K) NonClass: 36470K(36800K)->36470K(36800K) Class: 4676K(4928K)->4676K(4928K)
[2023-02-28T10:16:47.309+0100][gc          ] GC(29) Pause Young (Normal) (G1 Evacuation Pause) 218M->171M(1024M) 7.768ms
[2023-02-28T10:16:47.309+0100][gc,cpu      ] GC(29) User=0.02s Sys=0.01s Real=0.00s
[2023-02-28T10:24:35.932+0100][gc,start    ] GC(30) Pause Young (Normal) (G1 Evacuation Pause)
[2023-02-28T10:24:35.933+0100][gc,task     ] GC(30) Using 4 workers of 4 for evacuation
[2023-02-28T10:24:35.941+0100][gc,phases   ] GC(30)   Pre Evacuate Collection Set: 0.1ms
[2023-02-28T10:24:35.941+0100][gc,phases   ] GC(30)   Merge Heap Roots: 0.1ms
[2023-02-28T10:24:35.941+0100][gc,phases   ] GC(30)   Evacuate Collection Set: 6.6ms
[2023-02-28T10:24:35.941+0100][gc,phases   ] GC(30)   Post Evacuate Collection Set: 0.3ms
[2023-02-28T10:24:35.941+0100][gc,phases   ] GC(30)   Other: 1.7ms
[2023-02-28T10:24:35.941+0100][gc,heap     ] GC(30) Eden regions: 47->0(46)
[2023-02-28T10:24:35.941+0100][gc,heap     ] GC(30) Survivor regions: 4->5(7)
[2023-02-28T10:24:35.941+0100][gc,heap     ] GC(30) Old regions: 20->21
[2023-02-28T10:24:35.941+0100][gc,heap     ] GC(30) Archive regions: 2->2
[2023-02-28T10:24:35.941+0100][gc,heap     ] GC(30) Humongous regions: 147->147
[2023-02-28T10:24:35.941+0100][gc,metaspace] GC(30) Metaspace: 41167K(41728K)->41167K(41728K) NonClass: 36486K(36800K)->36486K(36800K) Class: 4681K(4928K)->4681K(4928K)
[2023-02-28T10:24:35.941+0100][gc          ] GC(30) Pause Young (Normal) (G1 Evacuation Pause) 218M->172M(1024M) 9.189ms
[2023-02-28T10:24:35.941+0100][gc,cpu      ] GC(30) User=0.03s Sys=0.00s Real=0.01s
[2023-02-28T10:33:02.358+0100][gc,start    ] GC(31) Pause Young (Normal) (G1 Evacuation Pause)
[2023-02-28T10:33:02.358+0100][gc,task     ] GC(31) Using 4 workers of 4 for evacuation
[2023-02-28T10:33:02.365+0100][gc,phases   ] GC(31)   Pre Evacuate Collection Set: 0.1ms
[2023-02-28T10:33:02.365+0100][gc,phases   ] GC(31)   Merge Heap Roots: 0.0ms
[2023-02-28T10:33:02.365+0100][gc,phases   ] GC(31)   Evacuate Collection Set: 6.0ms
[2023-02-28T10:33:02.365+0100][gc,phases   ] GC(31)   Post Evacuate Collection Set: 0.3ms
[2023-02-28T10:33:02.365+0100][gc,phases   ] GC(31)   Other: 0.3ms
[2023-02-28T10:33:02.365+0100][gc,heap     ] GC(31) Eden regions: 46->0(48)
[2023-02-28T10:33:02.365+0100][gc,heap     ] GC(31) Survivor regions: 5->3(7)
[2023-02-28T10:33:02.365+0100][gc,heap     ] GC(31) Old regions: 21->23
[2023-02-28T10:33:02.365+0100][gc,heap     ] GC(31) Archive regions: 2->2
[2023-02-28T10:33:02.365+0100][gc,heap     ] GC(31) Humongous regions: 147->147
[2023-02-28T10:33:02.365+0100][gc,metaspace] GC(31) Metaspace: 41169K(41728K)->41169K(41728K) NonClass: 36488K(36800K)->36488K(36800K) Class: 4681K(4928K)->4681K(4928K)
[2023-02-28T10:33:02.365+0100][gc          ] GC(31) Pause Young (Normal) (G1 Evacuation Pause) 218M->173M(1024M) 6.955ms
[2023-02-28T10:33:02.365+0100][gc,cpu      ] GC(31) User=0.02s Sys=0.00s Real=0.01s
[2023-02-28T10:41:52.659+0100][gc,start    ] GC(32) Pause Young (Normal) (G1 Evacuation Pause)
[2023-02-28T10:41:52.661+0100][gc,task     ] GC(32) Using 4 workers of 4 for evacuation
[2023-02-28T10:41:52.673+0100][gc,phases   ] GC(32)   Pre Evacuate Collection Set: 0.4ms
[2023-02-28T10:41:52.673+0100][gc,phases   ] GC(32)   Merge Heap Roots: 0.2ms
[2023-02-28T10:41:52.673+0100][gc,phases   ] GC(32)   Evacuate Collection Set: 10.6ms
[2023-02-28T10:41:52.673+0100][gc,phases   ] GC(32)   Post Evacuate Collection Set: 0.7ms
[2023-02-28T10:41:52.673+0100][gc,phases   ] GC(32)   Other: 2.0ms
[2023-02-28T10:41:52.673+0100][gc,heap     ] GC(32) Eden regions: 48->0(45)
[2023-02-28T10:41:52.673+0100][gc,heap     ] GC(32) Survivor regions: 3->6(7)
[2023-02-28T10:41:52.673+0100][gc,heap     ] GC(32) Old regions: 23->23
[2023-02-28T10:41:52.673+0100][gc,heap     ] GC(32) Archive regions: 2->2
[2023-02-28T10:41:52.673+0100][gc,heap     ] GC(32) Humongous regions: 147->147
[2023-02-28T10:41:52.673+0100][gc,metaspace] GC(32) Metaspace: 41180K(41728K)->41180K(41728K) NonClass: 36499K(36800K)->36499K(36800K) Class: 4681K(4928K)->4681K(4928K)
[2023-02-28T10:41:52.673+0100][gc          ] GC(32) Pause Young (Normal) (G1 Evacuation Pause) 221M->175M(1024M) 14.047ms
[2023-02-28T10:41:52.673+0100][gc,cpu      ] GC(32) User=0.03s Sys=0.01s Real=0.02s
[2023-02-28T10:50:09.056+0100][gc,start    ] GC(33) Pause Young (Normal) (G1 Evacuation Pause)
[2023-02-28T10:50:09.058+0100][gc,task     ] GC(33) Using 4 workers of 4 for evacuation
[2023-02-28T10:50:09.070+0100][gc,phases   ] GC(33)   Pre Evacuate Collection Set: 0.2ms
[2023-02-28T10:50:09.070+0100][gc,phases   ] GC(33)   Merge Heap Roots: 0.1ms
[2023-02-28T10:50:09.070+0100][gc,phases   ] GC(33)   Evacuate Collection Set: 11.4ms
[2023-02-28T10:50:09.070+0100][gc,phases   ] GC(33)   Post Evacuate Collection Set: 0.3ms
[2023-02-28T10:50:09.070+0100][gc,phases   ] GC(33)   Other: 2.1ms
[2023-02-28T10:50:09.070+0100][gc,heap     ] GC(33) Eden regions: 45->0(45)
[2023-02-28T10:50:09.070+0100][gc,heap     ] GC(33) Survivor regions: 6->6(7)
[2023-02-28T10:50:09.070+0100][gc,heap     ] GC(33) Old regions: 23->24
[2023-02-28T10:50:09.070+0100][gc,heap     ] GC(33) Archive regions: 2->2
[2023-02-28T10:50:09.070+0100][gc,heap     ] GC(33) Humongous regions: 147->147
[2023-02-28T10:50:09.070+0100][gc,metaspace] GC(33) Metaspace: 41185K(41728K)->41185K(41728K) NonClass: 36504K(36800K)->36504K(36800K) Class: 4681K(4928K)->4681K(4928K)
[2023-02-28T10:50:09.070+0100][gc          ] GC(33) Pause Young (Normal) (G1 Evacuation Pause) 220M->177M(1024M) 14.340ms
[2023-02-28T10:50:09.070+0100][gc,cpu      ] GC(33) User=0.03s Sys=0.01s Real=0.02s
[2023-02-28T10:58:24.801+0100][gc,start    ] GC(34) Pause Young (Normal) (G1 Evacuation Pause)
[2023-02-28T10:58:24.802+0100][gc,task     ] GC(34) Using 4 workers of 4 for evacuation
[2023-02-28T10:58:24.815+0100][gc,phases   ] GC(34)   Pre Evacuate Collection Set: 0.1ms
[2023-02-28T10:58:24.816+0100][gc,phases   ] GC(34)   Merge Heap Roots: 0.1ms
[2023-02-28T10:58:24.816+0100][gc,phases   ] GC(34)   Evacuate Collection Set: 13.0ms
[2023-02-28T10:58:24.816+0100][gc,phases   ] GC(34)   Post Evacuate Collection Set: 0.3ms
[2023-02-28T10:58:24.816+0100][gc,phases   ] GC(34)   Other: 0.7ms
[2023-02-28T10:58:24.816+0100][gc,heap     ] GC(34) Eden regions: 45->0(44)
[2023-02-28T10:58:24.816+0100][gc,heap     ] GC(34) Survivor regions: 6->7(7)
[2023-02-28T10:58:24.816+0100][gc,heap     ] GC(34) Old regions: 24->27
[2023-02-28T10:58:24.816+0100][gc,heap     ] GC(34) Archive regions: 2->2
[2023-02-28T10:58:24.816+0100][gc,heap     ] GC(34) Humongous regions: 147->147
[2023-02-28T10:58:24.816+0100][gc,metaspace] GC(34) Metaspace: 41189K(41728K)->41189K(41728K) NonClass: 36507K(36800K)->36507K(36800K) Class: 4681K(4928K)->4681K(4928K)
[2023-02-28T10:58:24.816+0100][gc          ] GC(34) Pause Young (Normal) (G1 Evacuation Pause) 222M->180M(1024M) 14.370ms
[2023-02-28T10:58:24.816+0100][gc,cpu      ] GC(34) User=0.04s Sys=0.01s Real=0.01s
[2023-02-28T11:06:31.105+0100][gc,start    ] GC(35) Pause Young (Normal) (G1 Evacuation Pause)
[2023-02-28T11:06:31.106+0100][gc,task     ] GC(35) Using 4 workers of 4 for evacuation
[2023-02-28T11:06:31.116+0100][gc,phases   ] GC(35)   Pre Evacuate Collection Set: 0.1ms
[2023-02-28T11:06:31.116+0100][gc,phases   ] GC(35)   Merge Heap Roots: 0.1ms
[2023-02-28T11:06:31.116+0100][gc,phases   ] GC(35)   Evacuate Collection Set: 9.7ms
[2023-02-28T11:06:31.116+0100][gc,phases   ] GC(35)   Post Evacuate Collection Set: 0.3ms
[2023-02-28T11:06:31.116+0100][gc,phases   ] GC(35)   Other: 0.6ms
[2023-02-28T11:06:31.116+0100][gc,heap     ] GC(35) Eden regions: 44->0(45)
[2023-02-28T11:06:31.116+0100][gc,heap     ] GC(35) Survivor regions: 7->6(7)
[2023-02-28T11:06:31.116+0100][gc,heap     ] GC(35) Old regions: 27->29
[2023-02-28T11:06:31.116+0100][gc,heap     ] GC(35) Archive regions: 2->2
[2023-02-28T11:06:31.116+0100][gc,heap     ] GC(35) Humongous regions: 147->147
[2023-02-28T11:06:31.116+0100][gc,metaspace] GC(35) Metaspace: 41190K(41728K)->41190K(41728K) NonClass: 36509K(36800K)->36509K(36800K) Class: 4681K(4928K)->4681K(4928K)
[2023-02-28T11:06:31.116+0100][gc          ] GC(35) Pause Young (Normal) (G1 Evacuation Pause) 224M->182M(1024M) 10.814ms
[2023-02-28T11:06:31.116+0100][gc,cpu      ] GC(35) User=0.04s Sys=0.01s Real=0.01s
[2023-02-28T11:14:46.980+0100][gc,start    ] GC(36) Pause Young (Normal) (G1 Evacuation Pause)
[2023-02-28T11:14:46.982+0100][gc,task     ] GC(36) Using 4 workers of 4 for evacuation
[2023-02-28T11:14:46.995+0100][gc,phases   ] GC(36)   Pre Evacuate Collection Set: 0.2ms
[2023-02-28T11:14:46.995+0100][gc,phases   ] GC(36)   Merge Heap Roots: 0.1ms
[2023-02-28T11:14:46.995+0100][gc,phases   ] GC(36)   Evacuate Collection Set: 12.1ms
[2023-02-28T11:14:46.995+0100][gc,phases   ] GC(36)   Post Evacuate Collection Set: 0.3ms
[2023-02-28T11:14:46.995+0100][gc,phases   ] GC(36)   Other: 1.8ms
[2023-02-28T11:14:46.995+0100][gc,heap     ] GC(36) Eden regions: 45->0(45)
[2023-02-28T11:14:46.995+0100][gc,heap     ] GC(36) Survivor regions: 6->6(7)
[2023-02-28T11:14:46.995+0100][gc,heap     ] GC(36) Old regions: 29->32
[2023-02-28T11:14:46.995+0100][gc,heap     ] GC(36) Archive regions: 2->2
[2023-02-28T11:14:46.995+0100][gc,heap     ] GC(36) Humongous regions: 147->147
[2023-02-28T11:14:46.995+0100][gc,metaspace] GC(36) Metaspace: 41193K(41728K)->41193K(41728K) NonClass: 36512K(36800K)->36512K(36800K) Class: 4681K(4928K)->4681K(4928K)
[2023-02-28T11:14:46.995+0100][gc          ] GC(36) Pause Young (Normal) (G1 Evacuation Pause) 227M->185M(1024M) 14.683ms
[2023-02-28T11:14:46.995+0100][gc,cpu      ] GC(36) User=0.04s Sys=0.00s Real=0.01s
[2023-02-28T11:22:16.416+0100][gc,start    ] GC(37) Pause Young (Normal) (G1 Evacuation Pause)
[2023-02-28T11:22:16.417+0100][gc,task     ] GC(37) Using 4 workers of 4 for evacuation
[2023-02-28T11:22:16.433+0100][gc,phases   ] GC(37)   Pre Evacuate Collection Set: 0.1ms
[2023-02-28T11:22:16.433+0100][gc,phases   ] GC(37)   Merge Heap Roots: 0.1ms
[2023-02-28T11:22:16.433+0100][gc,phases   ] GC(37)   Evacuate Collection Set: 14.5ms
[2023-02-28T11:22:16.433+0100][gc,phases   ] GC(37)   Post Evacuate Collection Set: 0.3ms
[2023-02-28T11:22:16.433+0100][gc,phases   ] GC(37)   Other: 1.9ms
[2023-02-28T11:22:16.433+0100][gc,heap     ] GC(37) Eden regions: 45->0(44)
[2023-02-28T11:22:16.433+0100][gc,heap     ] GC(37) Survivor regions: 6->7(7)
[2023-02-28T11:22:16.433+0100][gc,heap     ] GC(37) Old regions: 32->36
[2023-02-28T11:22:16.433+0100][gc,heap     ] GC(37) Archive regions: 2->2
[2023-02-28T11:22:16.433+0100][gc,heap     ] GC(37) Humongous regions: 147->147
[2023-02-28T11:22:16.433+0100][gc,metaspace] GC(37) Metaspace: 41206K(41728K)->41206K(41728K) NonClass: 36523K(36800K)->36523K(36800K) Class: 4683K(4928K)->4683K(4928K)
[2023-02-28T11:22:16.433+0100][gc          ] GC(37) Pause Young (Normal) (G1 Evacuation Pause) 230M->190M(1024M) 17.013ms
[2023-02-28T11:22:16.433+0100][gc,cpu      ] GC(37) User=0.05s Sys=0.00s Real=0.02s
[2023-02-28T11:30:21.904+0100][gc,start    ] GC(38) Pause Young (Normal) (G1 Evacuation Pause)
[2023-02-28T11:30:21.905+0100][gc,task     ] GC(38) Using 4 workers of 4 for evacuation
[2023-02-28T11:30:21.916+0100][gc,phases   ] GC(38)   Pre Evacuate Collection Set: 0.1ms
[2023-02-28T11:30:21.916+0100][gc,phases   ] GC(38)   Merge Heap Roots: 0.1ms
[2023-02-28T11:30:21.916+0100][gc,phases   ] GC(38)   Evacuate Collection Set: 10.5ms
[2023-02-28T11:30:21.916+0100][gc,phases   ] GC(38)   Post Evacuate Collection Set: 0.3ms
[2023-02-28T11:30:21.916+0100][gc,phases   ] GC(38)   Other: 0.2ms
[2023-02-28T11:30:21.916+0100][gc,heap     ] GC(38) Eden regions: 44->0(109)
[2023-02-28T11:30:21.916+0100][gc,heap     ] GC(38) Survivor regions: 7->4(7)
[2023-02-28T11:30:21.916+0100][gc,heap     ] GC(38) Old regions: 36->41
[2023-02-28T11:30:21.916+0100][gc,heap     ] GC(38) Archive regions: 2->2
[2023-02-28T11:30:21.916+0100][gc,heap     ] GC(38) Humongous regions: 147->147
[2023-02-28T11:30:21.916+0100][gc,metaspace] GC(38) Metaspace: 41213K(41792K)->41213K(41792K) NonClass: 36529K(36864K)->36529K(36864K) Class: 4683K(4928K)->4683K(4928K)
[2023-02-28T11:30:21.916+0100][gc          ] GC(38) Pause Young (Normal) (G1 Evacuation Pause) 234M->191M(1024M) 11.392ms
[2023-02-28T11:30:21.916+0100][gc,cpu      ] GC(38) User=0.04s Sys=0.00s Real=0.01s
[2023-02-28T11:50:39.844+0100][gc,start    ] GC(39) Pause Young (Normal) (G1 Evacuation Pause)
[2023-02-28T11:50:39.844+0100][gc,task     ] GC(39) Using 4 workers of 4 for evacuation
[2023-02-28T11:50:39.862+0100][gc,phases   ] GC(39)   Pre Evacuate Collection Set: 0.1ms
[2023-02-28T11:50:39.862+0100][gc,phases   ] GC(39)   Merge Heap Roots: 0.1ms
[2023-02-28T11:50:39.862+0100][gc,phases   ] GC(39)   Evacuate Collection Set: 16.8ms
[2023-02-28T11:50:39.862+0100][gc,phases   ] GC(39)   Post Evacuate Collection Set: 0.4ms
[2023-02-28T11:50:39.862+0100][gc,phases   ] GC(39)   Other: 0.8ms
[2023-02-28T11:50:39.862+0100][gc,heap     ] GC(39) Eden regions: 109->0(43)
[2023-02-28T11:50:39.862+0100][gc,heap     ] GC(39) Survivor regions: 4->9(15)
[2023-02-28T11:50:39.862+0100][gc,heap     ] GC(39) Old regions: 41->41
[2023-02-28T11:50:39.862+0100][gc,heap     ] GC(39) Archive regions: 2->2
[2023-02-28T11:50:39.862+0100][gc,heap     ] GC(39) Humongous regions: 147->147
[2023-02-28T11:50:39.862+0100][gc,metaspace] GC(39) Metaspace: 41233K(41792K)->41233K(41792K) NonClass: 36549K(36864K)->36549K(36864K) Class: 4683K(4928K)->4683K(4928K)
[2023-02-28T11:50:39.862+0100][gc          ] GC(39) Pause Young (Normal) (G1 Evacuation Pause) 300M->197M(1024M) 18.392ms
[2023-02-28T11:50:39.862+0100][gc,cpu      ] GC(39) User=0.05s Sys=0.01s Real=0.02s
[2023-02-28T11:58:34.226+0100][gc,start    ] GC(40) Pause Young (Normal) (G1 Evacuation Pause)
[2023-02-28T11:58:34.226+0100][gc,task     ] GC(40) Using 4 workers of 4 for evacuation
[2023-02-28T11:58:34.241+0100][gc,phases   ] GC(40)   Pre Evacuate Collection Set: 0.1ms
[2023-02-28T11:58:34.241+0100][gc,phases   ] GC(40)   Merge Heap Roots: 0.1ms
[2023-02-28T11:58:34.241+0100][gc,phases   ] GC(40)   Evacuate Collection Set: 14.2ms
[2023-02-28T11:58:34.241+0100][gc,phases   ] GC(40)   Post Evacuate Collection Set: 0.3ms
[2023-02-28T11:58:34.241+0100][gc,phases   ] GC(40)   Other: 0.6ms
[2023-02-28T11:58:34.241+0100][gc,heap     ] GC(40) Eden regions: 43->0(90)
[2023-02-28T11:58:34.241+0100][gc,heap     ] GC(40) Survivor regions: 9->4(7)
[2023-02-28T11:58:34.241+0100][gc,heap     ] GC(40) Old regions: 41->49
[2023-02-28T11:58:34.241+0100][gc,heap     ] GC(40) Archive regions: 2->2
[2023-02-28T11:58:34.241+0100][gc,heap     ] GC(40) Humongous regions: 147->147
[2023-02-28T11:58:34.241+0100][gc,metaspace] GC(40) Metaspace: 41233K(41792K)->41233K(41792K) NonClass: 36550K(36864K)->36550K(36864K) Class: 4683K(4928K)->4683K(4928K)
[2023-02-28T11:58:34.241+0100][gc          ] GC(40) Pause Young (Normal) (G1 Evacuation Pause) 240M->199M(1024M) 15.466ms
[2023-02-28T11:58:34.241+0100][gc,cpu      ] GC(40) User=0.05s Sys=0.01s Real=0.02s
[2023-02-28T12:15:18.204+0100][gc,start    ] GC(41) Pause Young (Normal) (G1 Evacuation Pause)
[2023-02-28T12:15:18.204+0100][gc,task     ] GC(41) Using 4 workers of 4 for evacuation
[2023-02-28T12:15:18.214+0100][gc,phases   ] GC(41)   Pre Evacuate Collection Set: 0.1ms
[2023-02-28T12:15:18.215+0100][gc,phases   ] GC(41)   Merge Heap Roots: 0.1ms
[2023-02-28T12:15:18.215+0100][gc,phases   ] GC(41)   Evacuate Collection Set: 10.2ms
[2023-02-28T12:15:18.215+0100][gc,phases   ] GC(41)   Post Evacuate Collection Set: 0.3ms
[2023-02-28T12:15:18.215+0100][gc,phases   ] GC(41)   Other: 0.2ms
[2023-02-28T12:15:18.215+0100][gc,heap     ] GC(41) Eden regions: 90->0(44)
[2023-02-28T12:15:18.215+0100][gc,heap     ] GC(41) Survivor regions: 4->9(12)
[2023-02-28T12:15:18.215+0100][gc,heap     ] GC(41) Old regions: 49->49
[2023-02-28T12:15:18.215+0100][gc,heap     ] GC(41) Archive regions: 2->2
[2023-02-28T12:15:18.215+0100][gc,heap     ] GC(41) Humongous regions: 147->147
[2023-02-28T12:15:18.215+0100][gc,metaspace] GC(41) Metaspace: 41245K(41792K)->41245K(41792K) NonClass: 36562K(36864K)->36562K(36864K) Class: 4683K(4928K)->4683K(4928K)
[2023-02-28T12:15:18.215+0100][gc          ] GC(41) Pause Young (Normal) (G1 Evacuation Pause) 289M->204M(1024M) 11.062ms
[2023-02-28T12:15:18.215+0100][gc,cpu      ] GC(41) User=0.04s Sys=0.00s Real=0.01s
[2023-02-28T12:22:34.722+0100][gc,start    ] GC(42) Pause Young (Normal) (G1 Evacuation Pause)
[2023-02-28T12:22:34.722+0100][gc,task     ] GC(42) Using 4 workers of 4 for evacuation
[2023-02-28T12:22:34.742+0100][gc,mmu      ] GC(42) MMU target violated: 20.4ms (20.0ms/21.0ms)
[2023-02-28T12:22:34.742+0100][gc,phases   ] GC(42)   Pre Evacuate Collection Set: 0.1ms
[2023-02-28T12:22:34.742+0100][gc,phases   ] GC(42)   Merge Heap Roots: 0.1ms
[2023-02-28T12:22:34.742+0100][gc,phases   ] GC(42)   Evacuate Collection Set: 20.0ms
[2023-02-28T12:22:34.742+0100][gc,phases   ] GC(42)   Post Evacuate Collection Set: 0.3ms
[2023-02-28T12:22:34.742+0100][gc,phases   ] GC(42)   Other: 0.3ms
[2023-02-28T12:22:34.742+0100][gc,heap     ] GC(42) Eden regions: 44->0(63)
[2023-02-28T12:22:34.742+0100][gc,heap     ] GC(42) Survivor regions: 9->7(7)
[2023-02-28T12:22:34.743+0100][gc,heap     ] GC(42) Old regions: 49->56
[2023-02-28T12:22:34.743+0100][gc,heap     ] GC(42) Archive regions: 2->2
[2023-02-28T12:22:34.743+0100][gc,heap     ] GC(42) Humongous regions: 147->147
[2023-02-28T12:22:34.743+0100][gc,metaspace] GC(42) Metaspace: 41289K(41856K)->41289K(41856K) NonClass: 36603K(36928K)->36603K(36928K) Class: 4685K(4928K)->4685K(4928K)
[2023-02-28T12:22:34.743+0100][gc          ] GC(42) Pause Young (Normal) (G1 Evacuation Pause) 248M->209M(1024M) 20.947ms
[2023-02-28T12:22:34.743+0100][gc,cpu      ] GC(42) User=0.06s Sys=0.01s Real=0.02s
[2023-02-28T12:34:10.279+0100][gc,start    ] GC(43) Pause Young (Normal) (G1 Evacuation Pause)
[2023-02-28T12:34:10.279+0100][gc,task     ] GC(43) Using 4 workers of 4 for evacuation
[2023-02-28T12:34:10.287+0100][gc,phases   ] GC(43)   Pre Evacuate Collection Set: 0.1ms
[2023-02-28T12:34:10.287+0100][gc,phases   ] GC(43)   Merge Heap Roots: 0.1ms
[2023-02-28T12:34:10.287+0100][gc,phases   ] GC(43)   Evacuate Collection Set: 7.5ms
[2023-02-28T12:34:10.287+0100][gc,phases   ] GC(43)   Post Evacuate Collection Set: 0.3ms
[2023-02-28T12:34:10.287+0100][gc,phases   ] GC(43)   Other: 0.2ms
[2023-02-28T12:34:10.287+0100][gc,heap     ] GC(43) Eden regions: 63->0(171)
[2023-02-28T12:34:10.287+0100][gc,heap     ] GC(43) Survivor regions: 7->3(9)
[2023-02-28T12:34:10.287+0100][gc,heap     ] GC(43) Old regions: 56->59
[2023-02-28T12:34:10.287+0100][gc,heap     ] GC(43) Archive regions: 2->2
[2023-02-28T12:34:10.287+0100][gc,heap     ] GC(43) Humongous regions: 147->147
[2023-02-28T12:34:10.287+0100][gc,metaspace] GC(43) Metaspace: 41294K(41856K)->41294K(41856K) NonClass: 36609K(36928K)->36609K(36928K) Class: 4685K(4928K)->4685K(4928K)
[2023-02-28T12:34:10.287+0100][gc          ] GC(43) Pause Young (Normal) (G1 Evacuation Pause) 272M->209M(1024M) 8.285ms
[2023-02-28T12:34:10.287+0100][gc,cpu      ] GC(43) User=0.03s Sys=0.00s Real=0.01s
[2023-02-28T13:06:16.792+0100][gc,start    ] GC(44) Pause Young (Normal) (G1 Evacuation Pause)
[2023-02-28T13:06:16.793+0100][gc,task     ] GC(44) Using 4 workers of 4 for evacuation
[2023-02-28T13:06:16.811+0100][gc,phases   ] GC(44)   Pre Evacuate Collection Set: 0.2ms
[2023-02-28T13:06:16.811+0100][gc,phases   ] GC(44)   Merge Heap Roots: 0.1ms
[2023-02-28T13:06:16.811+0100][gc,phases   ] GC(44)   Evacuate Collection Set: 16.7ms
[2023-02-28T13:06:16.811+0100][gc,phases   ] GC(44)   Post Evacuate Collection Set: 0.4ms
[2023-02-28T13:06:16.811+0100][gc,phases   ] GC(44)   Other: 2.1ms
[2023-02-28T13:06:16.811+0100][gc,heap     ] GC(44) Eden regions: 171->0(65)
[2023-02-28T13:06:16.811+0100][gc,heap     ] GC(44) Survivor regions: 3->10(22)
[2023-02-28T13:06:16.811+0100][gc,heap     ] GC(44) Old regions: 59->59
[2023-02-28T13:06:16.811+0100][gc,heap     ] GC(44) Archive regions: 2->2
[2023-02-28T13:06:16.811+0100][gc,heap     ] GC(44) Humongous regions: 147->147
[2023-02-28T13:06:16.811+0100][gc,metaspace] GC(44) Metaspace: 41306K(41856K)->41306K(41856K) NonClass: 36620K(36928K)->36620K(36928K) Class: 4685K(4928K)->4685K(4928K)
[2023-02-28T13:06:16.811+0100][gc          ] GC(44) Pause Young (Normal) (G1 Evacuation Pause) 380M->216M(1024M) 19.750ms
[2023-02-28T13:06:16.811+0100][gc,cpu      ] GC(44) User=0.05s Sys=0.01s Real=0.02s
[2023-02-28T13:18:15.810+0100][gc,start    ] GC(45) Pause Young (Normal) (G1 Evacuation Pause)
[2023-02-28T13:18:15.812+0100][gc,task     ] GC(45) Using 4 workers of 4 for evacuation
[2023-02-28T13:18:15.827+0100][gc,phases   ] GC(45)   Pre Evacuate Collection Set: 0.1ms
[2023-02-28T13:18:15.827+0100][gc,phases   ] GC(45)   Merge Heap Roots: 0.1ms
[2023-02-28T13:18:15.827+0100][gc,phases   ] GC(45)   Evacuate Collection Set: 14.2ms
[2023-02-28T13:18:15.827+0100][gc,phases   ] GC(45)   Post Evacuate Collection Set: 0.3ms
[2023-02-28T13:18:15.827+0100][gc,phases   ] GC(45)   Other: 1.9ms
[2023-02-28T13:18:15.827+0100][gc,heap     ] GC(45) Eden regions: 65->0(138)
[2023-02-28T13:18:15.827+0100][gc,heap     ] GC(45) Survivor regions: 10->4(10)
[2023-02-28T13:18:15.827+0100][gc,heap     ] GC(45) Old regions: 59->68
[2023-02-28T13:18:15.827+0100][gc,heap     ] GC(45) Archive regions: 2->2
[2023-02-28T13:18:15.827+0100][gc,heap     ] GC(45) Humongous regions: 147->147
[2023-02-28T13:18:15.827+0100][gc,metaspace] GC(45) Metaspace: 41310K(41856K)->41310K(41856K) NonClass: 36625K(36928K)->36625K(36928K) Class: 4685K(4928K)->4685K(4928K)
[2023-02-28T13:18:15.827+0100][gc          ] GC(45) Pause Young (Normal) (G1 Evacuation Pause) 281M->219M(1024M) 16.697ms
[2023-02-28T13:18:15.827+0100][gc,cpu      ] GC(45) User=0.05s Sys=0.01s Real=0.01s
[2023-02-28T13:43:17.122+0100][gc,start    ] GC(46) Pause Young (Normal) (G1 Evacuation Pause)
[2023-02-28T13:43:17.122+0100][gc,task     ] GC(46) Using 4 workers of 4 for evacuation
[2023-02-28T13:43:17.135+0100][gc,phases   ] GC(46)   Pre Evacuate Collection Set: 0.2ms
[2023-02-28T13:43:17.135+0100][gc,phases   ] GC(46)   Merge Heap Roots: 0.2ms
[2023-02-28T13:43:17.135+0100][gc,phases   ] GC(46)   Evacuate Collection Set: 11.7ms
[2023-02-28T13:43:17.135+0100][gc,phases   ] GC(46)   Post Evacuate Collection Set: 0.3ms
[2023-02-28T13:43:17.135+0100][gc,phases   ] GC(46)   Other: 1.0ms
[2023-02-28T13:43:17.135+0100][gc,heap     ] GC(46) Eden regions: 138->0(124)
[2023-02-28T13:43:17.135+0100][gc,heap     ] GC(46) Survivor regions: 4->8(18)
[2023-02-28T13:43:17.135+0100][gc,heap     ] GC(46) Old regions: 68->68
[2023-02-28T13:43:17.135+0100][gc,heap     ] GC(46) Archive regions: 2->2
[2023-02-28T13:43:17.135+0100][gc,heap     ] GC(46) Humongous regions: 147->147
[2023-02-28T13:43:17.135+0100][gc,metaspace] GC(46) Metaspace: 41329K(41856K)->41329K(41856K) NonClass: 36644K(36928K)->36644K(36928K) Class: 4685K(4928K)->4685K(4928K)
[2023-02-28T13:43:17.135+0100][gc          ] GC(46) Pause Young (Normal) (G1 Evacuation Pause) 357M->222M(1024M) 13.646ms
[2023-02-28T13:43:17.135+0100][gc,cpu      ] GC(46) User=0.04s Sys=0.01s Real=0.01s
[2023-02-28T14:06:27.517+0100][gc,start    ] GC(47) Pause Young (Normal) (G1 Evacuation Pause)
[2023-02-28T14:06:27.517+0100][gc,task     ] GC(47) Using 4 workers of 4 for evacuation
[2023-02-28T14:06:27.525+0100][gc,phases   ] GC(47)   Pre Evacuate Collection Set: 0.1ms
[2023-02-28T14:06:27.525+0100][gc,phases   ] GC(47)   Merge Heap Roots: 0.1ms
[2023-02-28T14:06:27.525+0100][gc,phases   ] GC(47)   Evacuate Collection Set: 7.8ms
[2023-02-28T14:06:27.525+0100][gc,phases   ] GC(47)   Post Evacuate Collection Set: 0.3ms
[2023-02-28T14:06:27.525+0100][gc,phases   ] GC(47)   Other: 0.5ms
[2023-02-28T14:06:27.525+0100][gc,heap     ] GC(47) Eden regions: 124->0(165)
[2023-02-28T14:06:27.526+0100][gc,heap     ] GC(47) Survivor regions: 8->8(17)
[2023-02-28T14:06:27.526+0100][gc,heap     ] GC(47) Old regions: 68->68
[2023-02-28T14:06:27.526+0100][gc,heap     ] GC(47) Archive regions: 2->2
[2023-02-28T14:06:27.526+0100][gc,heap     ] GC(47) Humongous regions: 147->147
[2023-02-28T14:06:27.526+0100][gc,metaspace] GC(47) Metaspace: 41335K(41856K)->41335K(41856K) NonClass: 36650K(36928K)->36650K(36928K) Class: 4685K(4928K)->4685K(4928K)
[2023-02-28T14:06:27.526+0100][gc          ] GC(47) Pause Young (Normal) (G1 Evacuation Pause) 346M->222M(1024M) 9.104ms
[2023-02-28T14:06:27.526+0100][gc,cpu      ] GC(47) User=0.03s Sys=0.00s Real=0.01s
[2023-02-28T14:36:38.091+0100][gc,start    ] GC(48) Pause Young (Normal) (G1 Evacuation Pause)
[2023-02-28T14:36:38.093+0100][gc,task     ] GC(48) Using 4 workers of 4 for evacuation
[2023-02-28T14:36:38.102+0100][gc,phases   ] GC(48)   Pre Evacuate Collection Set: 0.1ms
[2023-02-28T14:36:38.102+0100][gc,phases   ] GC(48)   Merge Heap Roots: 0.1ms
[2023-02-28T14:36:38.102+0100][gc,phases   ] GC(48)   Evacuate Collection Set: 8.6ms
[2023-02-28T14:36:38.102+0100][gc,phases   ] GC(48)   Post Evacuate Collection Set: 0.3ms
[2023-02-28T14:36:38.102+0100][gc,phases   ] GC(48)   Other: 1.7ms
[2023-02-28T14:36:38.102+0100][gc,heap     ] GC(48) Eden regions: 165->0(190)
[2023-02-28T14:36:38.102+0100][gc,heap     ] GC(48) Survivor regions: 8->8(22)
[2023-02-28T14:36:38.102+0100][gc,heap     ] GC(48) Old regions: 68->68
[2023-02-28T14:36:38.102+0100][gc,heap     ] GC(48) Archive regions: 2->2
[2023-02-28T14:36:38.102+0100][gc,heap     ] GC(48) Humongous regions: 147->147
[2023-02-28T14:36:38.102+0100][gc,metaspace] GC(48) Metaspace: 41336K(41856K)->41336K(41856K) NonClass: 36651K(36928K)->36651K(36928K) Class: 4685K(4928K)->4685K(4928K)
[2023-02-28T14:36:38.102+0100][gc          ] GC(48) Pause Young (Normal) (G1 Evacuation Pause) 387M->223M(1024M) 11.106ms
[2023-02-28T14:36:38.102+0100][gc,cpu      ] GC(48) User=0.04s Sys=0.00s Real=0.01s
[2023-02-28T15:12:19.734+0100][gc,start    ] GC(49) Pause Young (Normal) (G1 Evacuation Pause)
[2023-02-28T15:12:19.735+0100][gc,task     ] GC(49) Using 4 workers of 4 for evacuation
[2023-02-28T15:12:19.749+0100][gc,phases   ] GC(49)   Pre Evacuate Collection Set: 0.1ms
[2023-02-28T15:12:19.749+0100][gc,phases   ] GC(49)   Merge Heap Roots: 0.1ms
[2023-02-28T15:12:19.749+0100][gc,phases   ] GC(49)   Evacuate Collection Set: 12.8ms
[2023-02-28T15:12:19.749+0100][gc,phases   ] GC(49)   Post Evacuate Collection Set: 0.4ms
[2023-02-28T15:12:19.749+0100][gc,phases   ] GC(49)   Other: 1.7ms
[2023-02-28T15:12:19.749+0100][gc,heap     ] GC(49) Eden regions: 190->0(605)
[2023-02-28T15:12:19.749+0100][gc,heap     ] GC(49) Survivor regions: 8->9(25)
[2023-02-28T15:12:19.749+0100][gc,heap     ] GC(49) Old regions: 68->68
[2023-02-28T15:12:19.749+0100][gc,heap     ] GC(49) Archive regions: 2->2
[2023-02-28T15:12:19.749+0100][gc,heap     ] GC(49) Humongous regions: 147->147
[2023-02-28T15:12:19.749+0100][gc,metaspace] GC(49) Metaspace: 41349K(41856K)->41349K(41856K) NonClass: 36664K(36928K)->36664K(36928K) Class: 4685K(4928K)->4685K(4928K)
[2023-02-28T15:12:19.749+0100][gc          ] GC(49) Pause Young (Normal) (G1 Evacuation Pause) 413M->223M(1024M) 15.363ms
[2023-02-28T15:12:19.749+0100][gc,cpu      ] GC(49) User=0.04s Sys=0.01s Real=0.01s
[2023-02-28T17:05:24.846+0100][gc,start    ] GC(50) Pause Young (Normal) (G1 Evacuation Pause)
[2023-02-28T17:05:24.847+0100][gc,task     ] GC(50) Using 4 workers of 4 for evacuation
[2023-02-28T17:05:24.866+0100][gc,phases   ] GC(50)   Pre Evacuate Collection Set: 0.1ms
[2023-02-28T17:05:24.866+0100][gc,phases   ] GC(50)   Merge Heap Roots: 0.1ms
[2023-02-28T17:05:24.866+0100][gc,phases   ] GC(50)   Evacuate Collection Set: 17.3ms
[2023-02-28T17:05:24.866+0100][gc,phases   ] GC(50)   Post Evacuate Collection Set: 0.7ms
[2023-02-28T17:05:24.866+0100][gc,phases   ] GC(50)   Other: 1.6ms
[2023-02-28T17:05:24.866+0100][gc,heap     ] GC(50) Eden regions: 605->0(132)
[2023-02-28T17:05:24.866+0100][gc,heap     ] GC(50) Survivor regions: 9->8(77)
[2023-02-28T17:05:24.866+0100][gc,heap     ] GC(50) Old regions: 68->68
[2023-02-28T17:05:24.866+0100][gc,heap     ] GC(50) Archive regions: 2->2
[2023-02-28T17:05:24.866+0100][gc,heap     ] GC(50) Humongous regions: 147->147
[2023-02-28T17:05:24.866+0100][gc,metaspace] GC(50) Metaspace: 41362K(41920K)->41362K(41920K) NonClass: 36677K(36992K)->36677K(36992K) Class: 4685K(4928K)->4685K(4928K)
[2023-02-28T17:05:24.866+0100][gc          ] GC(50) Pause Young (Normal) (G1 Evacuation Pause) 828M->223M(1024M) 20.084ms
[2023-02-28T17:05:24.866+0100][gc,cpu      ] GC(50) User=0.04s Sys=0.01s Real=0.02s
[2023-02-28T17:29:19.491+0100][gc,start    ] GC(51) Pause Young (Normal) (G1 Evacuation Pause)
[2023-02-28T17:29:19.493+0100][gc,task     ] GC(51) Using 4 workers of 4 for evacuation
[2023-02-28T17:29:19.505+0100][gc,phases   ] GC(51)   Pre Evacuate Collection Set: 0.2ms
[2023-02-28T17:29:19.505+0100][gc,phases   ] GC(51)   Merge Heap Roots: 0.2ms
[2023-02-28T17:29:19.505+0100][gc,phases   ] GC(51)   Evacuate Collection Set: 10.4ms
[2023-02-28T17:29:19.505+0100][gc,phases   ] GC(51)   Post Evacuate Collection Set: 0.5ms
[2023-02-28T17:29:19.505+0100][gc,phases   ] GC(51)   Other: 2.1ms
[2023-02-28T17:29:19.505+0100][gc,heap     ] GC(51) Eden regions: 132->0(206)
[2023-02-28T17:29:19.505+0100][gc,heap     ] GC(51) Survivor regions: 8->8(18)
[2023-02-28T17:29:19.505+0100][gc,heap     ] GC(51) Old regions: 68->68
[2023-02-28T17:29:19.505+0100][gc,heap     ] GC(51) Archive regions: 2->2
[2023-02-28T17:29:19.505+0100][gc,heap     ] GC(51) Humongous regions: 147->147
[2023-02-28T17:29:19.505+0100][gc,metaspace] GC(51) Metaspace: 41368K(41920K)->41368K(41920K) NonClass: 36683K(36992K)->36683K(36992K) Class: 4685K(4928K)->4685K(4928K)
[2023-02-28T17:29:19.505+0100][gc          ] GC(51) Pause Young (Normal) (G1 Evacuation Pause) 355M->222M(1024M) 13.755ms
[2023-02-28T17:29:19.505+0100][gc,cpu      ] GC(51) User=0.04s Sys=0.00s Real=0.01s
[2023-02-28T18:08:04.186+0100][gc,start    ] GC(52) Pause Young (Normal) (G1 Evacuation Pause)
[2023-02-28T18:08:04.187+0100][gc,task     ] GC(52) Using 4 workers of 4 for evacuation
[2023-02-28T18:08:04.205+0100][gc,phases   ] GC(52)   Pre Evacuate Collection Set: 1.1ms
[2023-02-28T18:08:04.205+0100][gc,phases   ] GC(52)   Merge Heap Roots: 0.3ms
[2023-02-28T18:08:04.205+0100][gc,phases   ] GC(52)   Evacuate Collection Set: 15.4ms
[2023-02-28T18:08:04.205+0100][gc,phases   ] GC(52)   Post Evacuate Collection Set: 1.4ms
[2023-02-28T18:08:04.205+0100][gc,phases   ] GC(52)   Other: 1.4ms
[2023-02-28T18:08:04.205+0100][gc,heap     ] GC(52) Eden regions: 206->0(128)
[2023-02-28T18:08:04.205+0100][gc,heap     ] GC(52) Survivor regions: 8->9(27)
[2023-02-28T18:08:04.205+0100][gc,heap     ] GC(52) Old regions: 68->68
[2023-02-28T18:08:04.205+0100][gc,heap     ] GC(52) Archive regions: 2->2
[2023-02-28T18:08:04.205+0100][gc,heap     ] GC(52) Humongous regions: 147->147
[2023-02-28T18:08:04.205+0100][gc,metaspace] GC(52) Metaspace: 41373K(41920K)->41373K(41920K) NonClass: 36688K(36992K)->36688K(36992K) Class: 4685K(4928K)->4685K(4928K)
[2023-02-28T18:08:04.205+0100][gc          ] GC(52) Pause Young (Normal) (G1 Evacuation Pause) 428M->223M(1024M) 19.631ms
[2023-02-28T18:08:04.205+0100][gc,cpu      ] GC(52) User=0.04s Sys=0.02s Real=0.02s
[2023-02-28T22:12:32.725+0100][gc,start    ] GC(53) Pause Young (Normal) (G1 Evacuation Pause)
[2023-02-28T22:12:32.725+0100][gc,task     ] GC(53) Using 4 workers of 4 for evacuation
[2023-02-28T22:12:32.775+0100][gc,mmu      ] GC(53) MMU target violated: 21.0ms (20.0ms/21.0ms)
[2023-02-28T22:12:32.775+0100][gc,phases   ] GC(53)   Pre Evacuate Collection Set: 1.1ms
[2023-02-28T22:12:32.775+0100][gc,phases   ] GC(53)   Merge Heap Roots: 1.0ms
[2023-02-28T22:12:32.775+0100][gc,phases   ] GC(53)   Evacuate Collection Set: 44.3ms
[2023-02-28T22:12:32.775+0100][gc,phases   ] GC(53)   Post Evacuate Collection Set: 1.8ms
[2023-02-28T22:12:32.775+0100][gc,phases   ] GC(53)   Other: 3.5ms
[2023-02-28T22:12:32.775+0100][gc,heap     ] GC(53) Eden regions: 128->0(43)
[2023-02-28T22:12:32.775+0100][gc,heap     ] GC(53) Survivor regions: 9->8(18)
[2023-02-28T22:12:32.775+0100][gc,heap     ] GC(53) Old regions: 68->68
[2023-02-28T22:12:32.775+0100][gc,heap     ] GC(53) Archive regions: 2->2
[2023-02-28T22:12:32.775+0100][gc,heap     ] GC(53) Humongous regions: 147->147
[2023-02-28T22:12:32.775+0100][gc,metaspace] GC(53) Metaspace: 41399K(41920K)->41399K(41920K) NonClass: 36714K(36992K)->36714K(36992K) Class: 4685K(4928K)->4685K(4928K)
[2023-02-28T22:12:32.775+0100][gc          ] GC(53) Pause Young (Normal) (G1 Evacuation Pause) 351M->222M(1024M) 50.931ms
[2023-02-28T22:12:32.775+0100][gc,cpu      ] GC(53) User=0.04s Sys=0.09s Real=0.05s
[2023-03-01T01:09:00.991+0100][gc,start    ] GC(54) Pause Young (Normal) (G1 Evacuation Pause)
[2023-03-01T01:09:00.992+0100][gc,task     ] GC(54) Using 4 workers of 4 for evacuation
[2023-03-01T01:09:01.060+0100][gc,mmu      ] GC(54) MMU target violated: 21.0ms (20.0ms/21.0ms)
[2023-03-01T01:09:01.060+0100][gc,phases   ] GC(54)   Pre Evacuate Collection Set: 6.1ms
[2023-03-01T01:09:01.060+0100][gc,phases   ] GC(54)   Merge Heap Roots: 0.5ms
[2023-03-01T01:09:01.060+0100][gc,phases   ] GC(54)   Evacuate Collection Set: 57.2ms
[2023-03-01T01:09:01.060+0100][gc,phases   ] GC(54)   Post Evacuate Collection Set: 2.0ms
[2023-03-01T01:09:01.060+0100][gc,phases   ] GC(54)   Other: 4.6ms
[2023-03-01T01:09:01.060+0100][gc,heap     ] GC(54) Eden regions: 43->0(47)
[2023-03-01T01:09:01.060+0100][gc,heap     ] GC(54) Survivor regions: 8->4(7)
[2023-03-01T01:09:01.060+0100][gc,heap     ] GC(54) Old regions: 68->72
[2023-03-01T01:09:01.061+0100][gc,heap     ] GC(54) Archive regions: 2->2
[2023-03-01T01:09:01.061+0100][gc,heap     ] GC(54) Humongous regions: 165->147
[2023-03-01T01:09:01.061+0100][gc,metaspace] GC(54) Metaspace: 41421K(41920K)->41421K(41920K) NonClass: 36736K(36992K)->36736K(36992K) Class: 4685K(4928K)->4685K(4928K)
[2023-03-01T01:09:01.061+0100][gc          ] GC(54) Pause Young (Normal) (G1 Evacuation Pause) 283M->223M(1024M) 70.447ms
[2023-03-01T01:09:01.061+0100][gc,cpu      ] GC(54) User=0.04s Sys=0.13s Real=0.07s
[2023-03-02T09:25:53.005+0100][gc,start    ] GC(55) Pause Young (Normal) (G1 Evacuation Pause)
[2023-03-02T09:25:53.005+0100][gc,task     ] GC(55) Using 4 workers of 4 for evacuation
[2023-03-02T09:25:53.041+0100][gc,mmu      ] GC(55) MMU target violated: 21.0ms (20.0ms/21.0ms)
[2023-03-02T09:25:53.041+0100][gc,phases   ] GC(55)   Pre Evacuate Collection Set: 1.2ms
[2023-03-02T09:25:53.041+0100][gc,phases   ] GC(55)   Merge Heap Roots: 0.2ms
[2023-03-02T09:25:53.041+0100][gc,phases   ] GC(55)   Evacuate Collection Set: 32.3ms
[2023-03-02T09:25:53.041+0100][gc,phases   ] GC(55)   Post Evacuate Collection Set: 1.9ms
[2023-03-02T09:25:53.041+0100][gc,phases   ] GC(55)   Other: 1.2ms
[2023-03-02T09:25:53.041+0100][gc,heap     ] GC(55) Eden regions: 47->0(47)
[2023-03-02T09:25:53.041+0100][gc,heap     ] GC(55) Survivor regions: 4->4(7)
[2023-03-02T09:25:53.041+0100][gc,heap     ] GC(55) Old regions: 72->72
[2023-03-02T09:25:53.041+0100][gc,heap     ] GC(55) Archive regions: 2->2
[2023-03-02T09:25:53.041+0100][gc,heap     ] GC(55) Humongous regions: 153->147
[2023-03-02T09:25:53.041+0100][gc,metaspace] GC(55) Metaspace: 41477K(42048K)->41477K(42048K) NonClass: 36792K(37120K)->36792K(37120K) Class: 4685K(4928K)->4685K(4928K)
[2023-03-02T09:25:53.041+0100][gc          ] GC(55) Pause Young (Normal) (G1 Evacuation Pause) 276M->222M(1024M) 37.095ms
[2023-03-02T09:25:53.042+0100][gc,cpu      ] GC(55) User=0.02s Sys=0.07s Real=0.04s
[2023-03-02T09:34:47.421+0100][gc,start    ] GC(56) Pause Young (Normal) (G1 Evacuation Pause)
[2023-03-02T09:34:47.422+0100][gc,task     ] GC(56) Using 4 workers of 4 for evacuation
[2023-03-02T09:34:47.429+0100][gc,phases   ] GC(56)   Pre Evacuate Collection Set: 0.3ms
[2023-03-02T09:34:47.429+0100][gc,phases   ] GC(56)   Merge Heap Roots: 0.1ms
[2023-03-02T09:34:47.429+0100][gc,phases   ] GC(56)   Evacuate Collection Set: 5.4ms
[2023-03-02T09:34:47.429+0100][gc,phases   ] GC(56)   Post Evacuate Collection Set: 1.4ms
[2023-03-02T09:34:47.429+0100][gc,phases   ] GC(56)   Other: 1.0ms
[2023-03-02T09:34:47.429+0100][gc,heap     ] GC(56) Eden regions: 47->0(47)
[2023-03-02T09:34:47.429+0100][gc,heap     ] GC(56) Survivor regions: 4->4(7)
[2023-03-02T09:34:47.429+0100][gc,heap     ] GC(56) Old regions: 72->72
[2023-03-02T09:34:47.429+0100][gc,heap     ] GC(56) Archive regions: 2->2
[2023-03-02T09:34:47.429+0100][gc,heap     ] GC(56) Humongous regions: 159->147
[2023-03-02T09:34:47.429+0100][gc,metaspace] GC(56) Metaspace: 41495K(42048K)->41495K(42048K) NonClass: 36809K(37120K)->36809K(37120K) Class: 4685K(4928K)->4685K(4928K)
[2023-03-02T09:34:47.429+0100][gc          ] GC(56) Pause Young (Normal) (G1 Evacuation Pause) 281M->223M(1024M) 8.278ms
[2023-03-02T09:34:47.429+0100][gc,cpu      ] GC(56) User=0.02s Sys=0.01s Real=0.00s
[2023-03-02T09:43:41.326+0100][gc,start    ] GC(57) Pause Young (Normal) (G1 Evacuation Pause)
[2023-03-02T09:43:41.331+0100][gc,task     ] GC(57) Using 4 workers of 4 for evacuation
[2023-03-02T09:43:41.364+0100][gc,mmu      ] GC(57) MMU target violated: 21.0ms (20.0ms/21.0ms)
[2023-03-02T09:43:41.364+0100][gc,phases   ] GC(57)   Pre Evacuate Collection Set: 1.8ms
[2023-03-02T09:43:41.364+0100][gc,phases   ] GC(57)   Merge Heap Roots: 0.4ms
[2023-03-02T09:43:41.364+0100][gc,phases   ] GC(57)   Evacuate Collection Set: 29.5ms
[2023-03-02T09:43:41.364+0100][gc,phases   ] GC(57)   Post Evacuate Collection Set: 1.6ms
[2023-03-02T09:43:41.364+0100][gc,phases   ] GC(57)   Other: 6.6ms
[2023-03-02T09:43:41.364+0100][gc,heap     ] GC(57) Eden regions: 47->0(47)
[2023-03-02T09:43:41.364+0100][gc,heap     ] GC(57) Survivor regions: 4->4(7)
[2023-03-02T09:43:41.364+0100][gc,heap     ] GC(57) Old regions: 72->72
[2023-03-02T09:43:41.364+0100][gc,heap     ] GC(57) Archive regions: 2->2
[2023-03-02T09:43:41.364+0100][gc,heap     ] GC(57) Humongous regions: 147->147
[2023-03-02T09:43:41.364+0100][gc,metaspace] GC(57) Metaspace: 41495K(42048K)->41495K(42048K) NonClass: 36809K(37120K)->36809K(37120K) Class: 4685K(4928K)->4685K(4928K)
[2023-03-02T09:43:41.365+0100][gc          ] GC(57) Pause Young (Normal) (G1 Evacuation Pause) 270M->223M(1024M) 39.007ms
[2023-03-02T09:43:41.365+0100][gc,cpu      ] GC(57) User=0.03s Sys=0.08s Real=0.04s
[2023-03-02T09:52:37.770+0100][gc,start    ] GC(58) Pause Young (Normal) (G1 Evacuation Pause)
[2023-03-02T09:52:37.771+0100][gc,task     ] GC(58) Using 4 workers of 4 for evacuation
[2023-03-02T09:52:37.789+0100][gc,phases   ] GC(58)   Pre Evacuate Collection Set: 1.3ms
[2023-03-02T09:52:37.789+0100][gc,phases   ] GC(58)   Merge Heap Roots: 0.2ms
[2023-03-02T09:52:37.789+0100][gc,phases   ] GC(58)   Evacuate Collection Set: 14.5ms
[2023-03-02T09:52:37.789+0100][gc,phases   ] GC(58)   Post Evacuate Collection Set: 2.1ms
[2023-03-02T09:52:37.789+0100][gc,phases   ] GC(58)   Other: 1.1ms
[2023-03-02T09:52:37.789+0100][gc,heap     ] GC(58) Eden regions: 47->0(48)
[2023-03-02T09:52:37.789+0100][gc,heap     ] GC(58) Survivor regions: 4->3(7)
[2023-03-02T09:52:37.789+0100][gc,heap     ] GC(58) Old regions: 72->73
[2023-03-02T09:52:37.789+0100][gc,heap     ] GC(58) Archive regions: 2->2
[2023-03-02T09:52:37.789+0100][gc,heap     ] GC(58) Humongous regions: 147->147
[2023-03-02T09:52:37.789+0100][gc,metaspace] GC(58) Metaspace: 41495K(42048K)->41495K(42048K) NonClass: 36809K(37120K)->36809K(37120K) Class: 4685K(4928K)->4685K(4928K)
[2023-03-02T09:52:37.789+0100][gc          ] GC(58) Pause Young (Normal) (G1 Evacuation Pause) 270M->223M(1024M) 19.256ms
[2023-03-02T09:52:37.789+0100][gc,cpu      ] GC(58) User=0.02s Sys=0.03s Real=0.01s
[2023-03-02T10:01:48.212+0100][gc,start    ] GC(59) Pause Young (Normal) (G1 Evacuation Pause)
[2023-03-02T10:01:48.213+0100][gc,task     ] GC(59) Using 4 workers of 4 for evacuation
[2023-03-02T10:01:48.230+0100][gc,phases   ] GC(59)   Pre Evacuate Collection Set: 1.4ms
[2023-03-02T10:01:48.230+0100][gc,phases   ] GC(59)   Merge Heap Roots: 0.5ms
[2023-03-02T10:01:48.230+0100][gc,phases   ] GC(59)   Evacuate Collection Set: 12.6ms
[2023-03-02T10:01:48.230+0100][gc,phases   ] GC(59)   Post Evacuate Collection Set: 1.9ms
[2023-03-02T10:01:48.230+0100][gc,phases   ] GC(59)   Other: 3.3ms
[2023-03-02T10:01:48.230+0100][gc,heap     ] GC(59) Eden regions: 48->0(48)
[2023-03-02T10:01:48.230+0100][gc,heap     ] GC(59) Survivor regions: 3->3(7)
[2023-03-02T10:01:48.230+0100][gc,heap     ] GC(59) Old regions: 73->73
[2023-03-02T10:01:48.230+0100][gc,heap     ] GC(59) Archive regions: 2->2
[2023-03-02T10:01:48.230+0100][gc,heap     ] GC(59) Humongous regions: 147->147
[2023-03-02T10:01:48.230+0100][gc,metaspace] GC(59) Metaspace: 41495K(42048K)->41495K(42048K) NonClass: 36809K(37120K)->36809K(37120K) Class: 4685K(4928K)->4685K(4928K)
[2023-03-02T10:01:48.230+0100][gc          ] GC(59) Pause Young (Normal) (G1 Evacuation Pause) 271M->223M(1024M) 17.660ms
[2023-03-02T10:01:48.230+0100][gc,cpu      ] GC(59) User=0.02s Sys=0.03s Real=0.02s
[2023-03-02T10:10:17.914+0100][gc,start    ] GC(60) Pause Young (Normal) (G1 Evacuation Pause)
[2023-03-02T10:10:17.915+0100][gc,task     ] GC(60) Using 4 workers of 4 for evacuation
[2023-03-02T10:10:17.954+0100][gc,mmu      ] GC(60) MMU target violated: 21.0ms (20.0ms/21.0ms)
[2023-03-02T10:10:17.955+0100][gc,phases   ] GC(60)   Pre Evacuate Collection Set: 3.8ms
[2023-03-02T10:10:17.955+0100][gc,phases   ] GC(60)   Merge Heap Roots: 1.2ms
[2023-03-02T10:10:17.955+0100][gc,phases   ] GC(60)   Evacuate Collection Set: 32.2ms
[2023-03-02T10:10:17.955+0100][gc,phases   ] GC(60)   Post Evacuate Collection Set: 1.8ms
[2023-03-02T10:10:17.955+0100][gc,phases   ] GC(60)   Other: 2.0ms
[2023-03-02T10:10:17.955+0100][gc,heap     ] GC(60) Eden regions: 48->0(46)
[2023-03-02T10:10:17.955+0100][gc,heap     ] GC(60) Survivor regions: 3->5(7)
[2023-03-02T10:10:17.955+0100][gc,heap     ] GC(60) Old regions: 73->73
[2023-03-02T10:10:17.955+0100][gc,heap     ] GC(60) Archive regions: 2->2
[2023-03-02T10:10:17.955+0100][gc,heap     ] GC(60) Humongous regions: 147->147
[2023-03-02T10:10:17.955+0100][gc,metaspace] GC(60) Metaspace: 41495K(42048K)->41495K(42048K) NonClass: 36810K(37120K)->36810K(37120K) Class: 4685K(4928K)->4685K(4928K)
[2023-03-02T10:10:17.955+0100][gc          ] GC(60) Pause Young (Normal) (G1 Evacuation Pause) 271M->224M(1024M) 40.872ms
[2023-03-02T10:10:17.955+0100][gc,cpu      ] GC(60) User=0.03s Sys=0.06s Real=0.04s
[2023-03-02T10:18:44.190+0100][gc,start    ] GC(61) Pause Young (Normal) (G1 Evacuation Pause)
[2023-03-02T10:18:44.191+0100][gc,task     ] GC(61) Using 4 workers of 4 for evacuation
[2023-03-02T10:18:44.203+0100][gc,phases   ] GC(61)   Pre Evacuate Collection Set: 0.2ms
[2023-03-02T10:18:44.203+0100][gc,phases   ] GC(61)   Merge Heap Roots: 0.2ms
[2023-03-02T10:18:44.203+0100][gc,phases   ] GC(61)   Evacuate Collection Set: 9.3ms
[2023-03-02T10:18:44.203+0100][gc,phases   ] GC(61)   Post Evacuate Collection Set: 0.4ms
[2023-03-02T10:18:44.203+0100][gc,phases   ] GC(61)   Other: 3.1ms
[2023-03-02T10:18:44.203+0100][gc,heap     ] GC(61) Eden regions: 46->0(47)
[2023-03-02T10:18:44.203+0100][gc,heap     ] GC(61) Survivor regions: 5->4(7)
[2023-03-02T10:18:44.203+0100][gc,heap     ] GC(61) Old regions: 73->74
[2023-03-02T10:18:44.203+0100][gc,heap     ] GC(61) Archive regions: 2->2
[2023-03-02T10:18:44.203+0100][gc,heap     ] GC(61) Humongous regions: 147->147
[2023-03-02T10:18:44.203+0100][gc,metaspace] GC(61) Metaspace: 41496K(42048K)->41496K(42048K) NonClass: 36810K(37120K)->36810K(37120K) Class: 4685K(4928K)->4685K(4928K)
[2023-03-02T10:18:44.203+0100][gc          ] GC(61) Pause Young (Normal) (G1 Evacuation Pause) 270M->225M(1024M) 13.239ms
[2023-03-02T10:18:44.203+0100][gc,cpu      ] GC(61) User=0.03s Sys=0.01s Real=0.01s
[2023-03-02T10:27:21.385+0100][gc,start    ] GC(62) Pause Young (Normal) (G1 Evacuation Pause)
[2023-03-02T10:27:21.387+0100][gc,task     ] GC(62) Using 4 workers of 4 for evacuation
[2023-03-02T10:27:21.420+0100][gc,mmu      ] GC(62) MMU target violated: 21.0ms (20.0ms/21.0ms)
[2023-03-02T10:27:21.420+0100][gc,phases   ] GC(62)   Pre Evacuate Collection Set: 1.9ms
[2023-03-02T10:27:21.420+0100][gc,phases   ] GC(62)   Merge Heap Roots: 0.5ms
[2023-03-02T10:27:21.420+0100][gc,phases   ] GC(62)   Evacuate Collection Set: 29.6ms
[2023-03-02T10:27:21.420+0100][gc,phases   ] GC(62)   Post Evacuate Collection Set: 1.5ms
[2023-03-02T10:27:21.420+0100][gc,phases   ] GC(62)   Other: 2.6ms
[2023-03-02T10:27:21.420+0100][gc,heap     ] GC(62) Eden regions: 47->0(47)
[2023-03-02T10:27:21.420+0100][gc,heap     ] GC(62) Survivor regions: 4->4(7)
[2023-03-02T10:27:21.420+0100][gc,heap     ] GC(62) Old regions: 74->75
[2023-03-02T10:27:21.420+0100][gc,heap     ] GC(62) Archive regions: 2->2
[2023-03-02T10:27:21.421+0100][gc,heap     ] GC(62) Humongous regions: 147->147
[2023-03-02T10:27:21.421+0100][gc,metaspace] GC(62) Metaspace: 41496K(42048K)->41496K(42048K) NonClass: 36811K(37120K)->36811K(37120K) Class: 4685K(4928K)->4685K(4928K)
[2023-03-02T10:27:21.421+0100][gc          ] GC(62) Pause Young (Normal) (G1 Evacuation Pause) 272M->226M(1024M) 35.994ms
[2023-03-02T10:27:21.421+0100][gc,cpu      ] GC(62) User=0.04s Sys=0.06s Real=0.04s
[2023-03-02T10:36:00.351+0100][gc,start    ] GC(63) Pause Young (Normal) (G1 Evacuation Pause)
[2023-03-02T10:36:00.352+0100][gc,task     ] GC(63) Using 4 workers of 4 for evacuation
[2023-03-02T10:36:00.359+0100][gc,phases   ] GC(63)   Pre Evacuate Collection Set: 0.1ms
[2023-03-02T10:36:00.359+0100][gc,phases   ] GC(63)   Merge Heap Roots: 0.0ms
[2023-03-02T10:36:00.359+0100][gc,phases   ] GC(63)   Evacuate Collection Set: 6.1ms
[2023-03-02T10:36:00.359+0100][gc,phases   ] GC(63)   Post Evacuate Collection Set: 0.3ms
[2023-03-02T10:36:00.359+0100][gc,phases   ] GC(63)   Other: 0.5ms
[2023-03-02T10:36:00.359+0100][gc,heap     ] GC(63) Eden regions: 47->0(47)
[2023-03-02T10:36:00.359+0100][gc,heap     ] GC(63) Survivor regions: 4->4(7)
[2023-03-02T10:36:00.359+0100][gc,heap     ] GC(63) Old regions: 75->75
[2023-03-02T10:36:00.359+0100][gc,heap     ] GC(63) Archive regions: 2->2
[2023-03-02T10:36:00.359+0100][gc,heap     ] GC(63) Humongous regions: 147->147
[2023-03-02T10:36:00.359+0100][gc,metaspace] GC(63) Metaspace: 41496K(42048K)->41496K(42048K) NonClass: 36811K(37120K)->36811K(37120K) Class: 4685K(4928K)->4685K(4928K)
[2023-03-02T10:36:00.359+0100][gc          ] GC(63) Pause Young (Normal) (G1 Evacuation Pause) 273M->226M(1024M) 7.348ms
[2023-03-02T10:36:00.359+0100][gc,cpu      ] GC(63) User=0.02s Sys=0.01s Real=0.00s
[2023-03-02T10:44:37.739+0100][gc,start    ] GC(64) Pause Young (Normal) (G1 Evacuation Pause)
[2023-03-02T10:44:37.739+0100][gc,task     ] GC(64) Using 4 workers of 4 for evacuation
[2023-03-02T10:44:37.745+0100][gc,phases   ] GC(64)   Pre Evacuate Collection Set: 0.1ms
[2023-03-02T10:44:37.745+0100][gc,phases   ] GC(64)   Merge Heap Roots: 0.1ms
[2023-03-02T10:44:37.745+0100][gc,phases   ] GC(64)   Evacuate Collection Set: 5.0ms
[2023-03-02T10:44:37.745+0100][gc,phases   ] GC(64)   Post Evacuate Collection Set: 0.4ms
[2023-03-02T10:44:37.745+0100][gc,phases   ] GC(64)   Other: 0.7ms
[2023-03-02T10:44:37.745+0100][gc,heap     ] GC(64) Eden regions: 47->0(47)
[2023-03-02T10:44:37.745+0100][gc,heap     ] GC(64) Survivor regions: 4->4(7)
[2023-03-02T10:44:37.745+0100][gc,heap     ] GC(64) Old regions: 75->75
[2023-03-02T10:44:37.745+0100][gc,heap     ] GC(64) Archive regions: 2->2
[2023-03-02T10:44:37.745+0100][gc,heap     ] GC(64) Humongous regions: 147->147
[2023-03-02T10:44:37.745+0100][gc,metaspace] GC(64) Metaspace: 41503K(42048K)->41503K(42048K) NonClass: 36817K(37120K)->36817K(37120K) Class: 4685K(4928K)->4685K(4928K)
[2023-03-02T10:44:37.745+0100][gc          ] GC(64) Pause Young (Normal) (G1 Evacuation Pause) 273M->226M(1024M) 6.460ms
[2023-03-02T10:44:37.745+0100][gc,cpu      ] GC(64) User=0.02s Sys=0.00s Real=0.01s
[2023-03-02T10:54:15.053+0100][gc,start    ] GC(65) Pause Young (Normal) (G1 Evacuation Pause)
[2023-03-02T10:54:15.057+0100][gc,task     ] GC(65) Using 4 workers of 4 for evacuation
[2023-03-02T10:54:15.090+0100][gc,mmu      ] GC(65) MMU target violated: 21.0ms (20.0ms/21.0ms)
[2023-03-02T10:54:15.091+0100][gc,phases   ] GC(65)   Pre Evacuate Collection Set: 2.8ms
[2023-03-02T10:54:15.091+0100][gc,phases   ] GC(65)   Merge Heap Roots: 1.1ms
[2023-03-02T10:54:15.091+0100][gc,phases   ] GC(65)   Evacuate Collection Set: 20.5ms
[2023-03-02T10:54:15.091+0100][gc,phases   ] GC(65)   Post Evacuate Collection Set: 5.4ms
[2023-03-02T10:54:15.091+0100][gc,phases   ] GC(65)   Other: 12.0ms
[2023-03-02T10:54:15.092+0100][gc,heap     ] GC(65) Eden regions: 47->0(47)
[2023-03-02T10:54:15.092+0100][gc,heap     ] GC(65) Survivor regions: 4->4(7)
[2023-03-02T10:54:15.092+0100][gc,heap     ] GC(65) Old regions: 75->76
[2023-03-02T10:54:15.092+0100][gc,heap     ] GC(65) Archive regions: 2->2
[2023-03-02T10:54:15.092+0100][gc,heap     ] GC(65) Humongous regions: 147->147
[2023-03-02T10:54:15.092+0100][gc,metaspace] GC(65) Metaspace: 41503K(42048K)->41503K(42048K) NonClass: 36818K(37120K)->36818K(37120K) Class: 4685K(4928K)->4685K(4928K)
[2023-03-02T10:54:15.094+0100][gc          ] GC(65) Pause Young (Normal) (G1 Evacuation Pause) 273M->227M(1024M) 41.800ms
[2023-03-02T10:54:15.094+0100][gc,cpu      ] GC(65) User=0.03s Sys=0.05s Real=0.04s
[2023-03-02T11:02:51.780+0100][gc,start    ] GC(66) Pause Young (Normal) (G1 Evacuation Pause)
[2023-03-02T11:02:51.782+0100][gc,task     ] GC(66) Using 4 workers of 4 for evacuation
[2023-03-02T11:02:51.793+0100][gc,phases   ] GC(66)   Pre Evacuate Collection Set: 0.8ms
[2023-03-02T11:02:51.793+0100][gc,phases   ] GC(66)   Merge Heap Roots: 0.2ms
[2023-03-02T11:02:51.793+0100][gc,phases   ] GC(66)   Evacuate Collection Set: 10.0ms
[2023-03-02T11:02:51.793+0100][gc,phases   ] GC(66)   Post Evacuate Collection Set: 0.5ms
[2023-03-02T11:02:51.793+0100][gc,phases   ] GC(66)   Other: 2.0ms
[2023-03-02T11:02:51.793+0100][gc,heap     ] GC(66) Eden regions: 47->0(47)
[2023-03-02T11:02:51.793+0100][gc,heap     ] GC(66) Survivor regions: 4->4(7)
[2023-03-02T11:02:51.794+0100][gc,heap     ] GC(66) Old regions: 76->76
[2023-03-02T11:02:51.794+0100][gc,heap     ] GC(66) Archive regions: 2->2
[2023-03-02T11:02:51.794+0100][gc,heap     ] GC(66) Humongous regions: 147->147
[2023-03-02T11:02:51.794+0100][gc,metaspace] GC(66) Metaspace: 41503K(42048K)->41503K(42048K) NonClass: 36818K(37120K)->36818K(37120K) Class: 4685K(4928K)->4685K(4928K)
[2023-03-02T11:02:51.794+0100][gc          ] GC(66) Pause Young (Normal) (G1 Evacuation Pause) 274M->227M(1024M) 13.868ms
[2023-03-02T11:02:51.794+0100][gc,cpu      ] GC(66) User=0.02s Sys=0.01s Real=0.01s
[2023-03-02T11:10:40.379+0100][gc,start    ] GC(67) Pause Young (Normal) (G1 Evacuation Pause)
[2023-03-02T11:10:40.380+0100][gc,task     ] GC(67) Using 4 workers of 4 for evacuation
[2023-03-02T11:10:40.414+0100][gc,mmu      ] GC(67) MMU target violated: 21.0ms (20.0ms/21.0ms)
[2023-03-02T11:10:40.414+0100][gc,phases   ] GC(67)   Pre Evacuate Collection Set: 1.1ms
[2023-03-02T11:10:40.414+0100][gc,phases   ] GC(67)   Merge Heap Roots: 0.2ms
[2023-03-02T11:10:40.414+0100][gc,phases   ] GC(67)   Evacuate Collection Set: 30.0ms
[2023-03-02T11:10:40.414+0100][gc,phases   ] GC(67)   Post Evacuate Collection Set: 1.5ms
[2023-03-02T11:10:40.414+0100][gc,phases   ] GC(67)   Other: 1.5ms
[2023-03-02T11:10:40.414+0100][gc,heap     ] GC(67) Eden regions: 47->0(45)
[2023-03-02T11:10:40.414+0100][gc,heap     ] GC(67) Survivor regions: 4->6(7)
[2023-03-02T11:10:40.414+0100][gc,heap     ] GC(67) Old regions: 76->76
[2023-03-02T11:10:40.414+0100][gc,heap     ] GC(67) Archive regions: 2->2
[2023-03-02T11:10:40.414+0100][gc,heap     ] GC(67) Humongous regions: 147->147
[2023-03-02T11:10:40.414+0100][gc,metaspace] GC(67) Metaspace: 41504K(42048K)->41504K(42048K) NonClass: 36819K(37120K)->36819K(37120K) Class: 4685K(4928K)->4685K(4928K)
[2023-03-02T11:10:40.414+0100][gc          ] GC(67) Pause Young (Normal) (G1 Evacuation Pause) 274M->229M(1024M) 34.347ms
[2023-03-02T11:10:40.414+0100][gc,cpu      ] GC(67) User=0.03s Sys=0.04s Real=0.04s
[2023-03-02T11:18:54.946+0100][gc,start    ] GC(68) Pause Young (Normal) (G1 Evacuation Pause)
[2023-03-02T11:18:54.947+0100][gc,task     ] GC(68) Using 4 workers of 4 for evacuation
[2023-03-02T11:18:54.959+0100][gc,phases   ] GC(68)   Pre Evacuate Collection Set: 2.7ms
[2023-03-02T11:18:54.960+0100][gc,phases   ] GC(68)   Merge Heap Roots: 0.1ms
[2023-03-02T11:18:54.960+0100][gc,phases   ] GC(68)   Evacuate Collection Set: 8.3ms
[2023-03-02T11:18:54.960+0100][gc,phases   ] GC(68)   Post Evacuate Collection Set: 1.1ms
[2023-03-02T11:18:54.960+0100][gc,phases   ] GC(68)   Other: 1.8ms
[2023-03-02T11:18:54.960+0100][gc,heap     ] GC(68) Eden regions: 45->0(48)
[2023-03-02T11:18:54.960+0100][gc,heap     ] GC(68) Survivor regions: 6->3(7)
[2023-03-02T11:18:54.960+0100][gc,heap     ] GC(68) Old regions: 76->79
[2023-03-02T11:18:54.960+0100][gc,heap     ] GC(68) Archive regions: 2->2
[2023-03-02T11:18:54.960+0100][gc,heap     ] GC(68) Humongous regions: 147->147
[2023-03-02T11:18:54.960+0100][gc,metaspace] GC(68) Metaspace: 41504K(42048K)->41504K(42048K) NonClass: 36819K(37120K)->36819K(37120K) Class: 4685K(4928K)->4685K(4928K)
[2023-03-02T11:18:54.960+0100][gc          ] GC(68) Pause Young (Normal) (G1 Evacuation Pause) 274M->229M(1024M) 14.113ms
[2023-03-02T11:18:54.960+0100][gc,cpu      ] GC(68) User=0.03s Sys=0.00s Real=0.02s
[2023-03-02T11:27:42.503+0100][gc,start    ] GC(69) Pause Young (Normal) (G1 Evacuation Pause)
[2023-03-02T11:27:42.504+0100][gc,task     ] GC(69) Using 4 workers of 4 for evacuation
[2023-03-02T11:27:42.525+0100][gc,mmu      ] GC(69) MMU target violated: 20.3ms (20.0ms/21.0ms)
[2023-03-02T11:27:42.525+0100][gc,phases   ] GC(69)   Pre Evacuate Collection Set: 0.5ms
[2023-03-02T11:27:42.525+0100][gc,phases   ] GC(69)   Merge Heap Roots: 0.1ms
[2023-03-02T11:27:42.525+0100][gc,phases   ] GC(69)   Evacuate Collection Set: 19.2ms
[2023-03-02T11:27:42.525+0100][gc,phases   ] GC(69)   Post Evacuate Collection Set: 0.7ms
[2023-03-02T11:27:42.525+0100][gc,phases   ] GC(69)   Other: 2.3ms
[2023-03-02T11:27:42.525+0100][gc,heap     ] GC(69) Eden regions: 48->0(45)
[2023-03-02T11:27:42.525+0100][gc,heap     ] GC(69) Survivor regions: 3->6(7)
[2023-03-02T11:27:42.525+0100][gc,heap     ] GC(69) Old regions: 79->79
[2023-03-02T11:27:42.525+0100][gc,heap     ] GC(69) Archive regions: 2->2
[2023-03-02T11:27:42.525+0100][gc,heap     ] GC(69) Humongous regions: 147->147
[2023-03-02T11:27:42.525+0100][gc,metaspace] GC(69) Metaspace: 41504K(42048K)->41504K(42048K) NonClass: 36819K(37120K)->36819K(37120K) Class: 4685K(4928K)->4685K(4928K)
[2023-03-02T11:27:42.525+0100][gc          ] GC(69) Pause Young (Normal) (G1 Evacuation Pause) 277M->231M(1024M) 22.813ms
[2023-03-02T11:27:42.525+0100][gc,cpu      ] GC(69) User=0.03s Sys=0.03s Real=0.02s
[2023-03-02T11:35:56.476+0100][gc,start    ] GC(70) Pause Young (Normal) (G1 Evacuation Pause)
[2023-03-02T11:35:56.477+0100][gc,task     ] GC(70) Using 4 workers of 4 for evacuation
[2023-03-02T11:35:56.496+0100][gc,phases   ] GC(70)   Pre Evacuate Collection Set: 0.4ms
[2023-03-02T11:35:56.496+0100][gc,phases   ] GC(70)   Merge Heap Roots: 0.1ms
[2023-03-02T11:35:56.497+0100][gc,phases   ] GC(70)   Evacuate Collection Set: 16.6ms
[2023-03-02T11:35:56.497+0100][gc,phases   ] GC(70)   Post Evacuate Collection Set: 1.5ms
[2023-03-02T11:35:56.497+0100][gc,phases   ] GC(70)   Other: 2.2ms
[2023-03-02T11:35:56.497+0100][gc,heap     ] GC(70) Eden regions: 45->0(47)
[2023-03-02T11:35:56.497+0100][gc,heap     ] GC(70) Survivor regions: 6->4(7)
[2023-03-02T11:35:56.497+0100][gc,heap     ] GC(70) Old regions: 79->82
[2023-03-02T11:35:56.497+0100][gc,heap     ] GC(70) Archive regions: 2->2
[2023-03-02T11:35:56.497+0100][gc,heap     ] GC(70) Humongous regions: 147->147
[2023-03-02T11:35:56.497+0100][gc,metaspace] GC(70) Metaspace: 41504K(42048K)->41504K(42048K) NonClass: 36819K(37120K)->36819K(37120K) Class: 4685K(4928K)->4685K(4928K)
[2023-03-02T11:35:56.497+0100][gc          ] GC(70) Pause Young (Normal) (G1 Evacuation Pause) 276M->233M(1024M) 20.908ms
[2023-03-02T11:35:56.497+0100][gc,cpu      ] GC(70) User=0.04s Sys=0.01s Real=0.02s
[2023-03-02T11:44:32.501+0100][gc,start    ] GC(71) Pause Young (Normal) (G1 Evacuation Pause)
[2023-03-02T11:44:32.502+0100][gc,task     ] GC(71) Using 4 workers of 4 for evacuation
[2023-03-02T11:44:32.516+0100][gc,phases   ] GC(71)   Pre Evacuate Collection Set: 0.2ms
[2023-03-02T11:44:32.516+0100][gc,phases   ] GC(71)   Merge Heap Roots: 0.1ms
[2023-03-02T11:44:32.516+0100][gc,phases   ] GC(71)   Evacuate Collection Set: 12.4ms
[2023-03-02T11:44:32.516+0100][gc,phases   ] GC(71)   Post Evacuate Collection Set: 0.6ms
[2023-03-02T11:44:32.516+0100][gc,phases   ] GC(71)   Other: 1.6ms
[2023-03-02T11:44:32.516+0100][gc,heap     ] GC(71) Eden regions: 47->0(47)
[2023-03-02T11:44:32.516+0100][gc,heap     ] GC(71) Survivor regions: 4->4(7)
[2023-03-02T11:44:32.516+0100][gc,heap     ] GC(71) Old regions: 82->85
[2023-03-02T11:44:32.516+0100][gc,heap     ] GC(71) Archive regions: 2->2
[2023-03-02T11:44:32.516+0100][gc,heap     ] GC(71) Humongous regions: 147->147
[2023-03-02T11:44:32.516+0100][gc,metaspace] GC(71) Metaspace: 41508K(42048K)->41508K(42048K) NonClass: 36823K(37120K)->36823K(37120K) Class: 4685K(4928K)->4685K(4928K)
[2023-03-02T11:44:32.516+0100][gc          ] GC(71) Pause Young (Normal) (G1 Evacuation Pause) 280M->236M(1024M) 14.975ms
[2023-03-02T11:44:32.516+0100][gc,cpu      ] GC(71) User=0.03s Sys=0.00s Real=0.01s
[2023-03-02T12:40:09.002+0100][gc,start    ] GC(72) Pause Young (Normal) (G1 Evacuation Pause)
[2023-03-02T12:40:09.002+0100][gc,task     ] GC(72) Using 4 workers of 4 for evacuation
[2023-03-02T12:40:09.033+0100][gc,mmu      ] GC(72) MMU target violated: 21.0ms (20.0ms/21.0ms)
[2023-03-02T12:40:09.033+0100][gc,phases   ] GC(72)   Pre Evacuate Collection Set: 1.4ms
[2023-03-02T12:40:09.033+0100][gc,phases   ] GC(72)   Merge Heap Roots: 0.2ms
[2023-03-02T12:40:09.033+0100][gc,phases   ] GC(72)   Evacuate Collection Set: 27.4ms
[2023-03-02T12:40:09.033+0100][gc,phases   ] GC(72)   Post Evacuate Collection Set: 1.3ms
[2023-03-02T12:40:09.033+0100][gc,phases   ] GC(72)   Other: 1.0ms
[2023-03-02T12:40:09.033+0100][gc,heap     ] GC(72) Eden regions: 47->0(47)
[2023-03-02T12:40:09.033+0100][gc,heap     ] GC(72) Survivor regions: 4->4(7)
[2023-03-02T12:40:09.033+0100][gc,heap     ] GC(72) Old regions: 85->88
[2023-03-02T12:40:09.033+0100][gc,heap     ] GC(72) Archive regions: 2->2
[2023-03-02T12:40:09.033+0100][gc,heap     ] GC(72) Humongous regions: 147->147
[2023-03-02T12:40:09.033+0100][gc,metaspace] GC(72) Metaspace: 41511K(42048K)->41511K(42048K) NonClass: 36826K(37120K)->36826K(37120K) Class: 4685K(4928K)->4685K(4928K)
[2023-03-02T12:40:09.033+0100][gc          ] GC(72) Pause Young (Normal) (G1 Evacuation Pause) 283M->239M(1024M) 31.427ms
[2023-03-02T12:40:09.033+0100][gc,cpu      ] GC(72) User=0.04s Sys=0.05s Real=0.03s
[2023-03-02T13:23:17.102+0100][gc,start    ] GC(73) Pause Young (Normal) (G1 Evacuation Pause)
[2023-03-02T13:23:17.103+0100][gc,task     ] GC(73) Using 4 workers of 4 for evacuation
[2023-03-02T13:23:17.164+0100][gc,mmu      ] GC(73) MMU target violated: 21.0ms (20.0ms/21.0ms)
[2023-03-02T13:23:17.164+0100][gc,phases   ] GC(73)   Pre Evacuate Collection Set: 6.6ms
[2023-03-02T13:23:17.164+0100][gc,phases   ] GC(73)   Merge Heap Roots: 2.5ms
[2023-03-02T13:23:17.164+0100][gc,phases   ] GC(73)   Evacuate Collection Set: 51.4ms
[2023-03-02T13:23:17.164+0100][gc,phases   ] GC(73)   Post Evacuate Collection Set: 0.8ms
[2023-03-02T13:23:17.164+0100][gc,phases   ] GC(73)   Other: 0.7ms
[2023-03-02T13:23:17.165+0100][gc,heap     ] GC(73) Eden regions: 47->0(48)
[2023-03-02T13:23:17.165+0100][gc,heap     ] GC(73) Survivor regions: 4->3(7)
[2023-03-02T13:23:17.165+0100][gc,heap     ] GC(73) Old regions: 88->90
[2023-03-02T13:23:17.165+0100][gc,heap     ] GC(73) Archive regions: 2->2
[2023-03-02T13:23:17.165+0100][gc,heap     ] GC(73) Humongous regions: 147->147
[2023-03-02T13:23:17.165+0100][gc,metaspace] GC(73) Metaspace: 41511K(42048K)->41511K(42048K) NonClass: 36826K(37120K)->36826K(37120K) Class: 4685K(4928K)->4685K(4928K)
[2023-03-02T13:23:17.165+0100][gc          ] GC(73) Pause Young (Normal) (G1 Evacuation Pause) 286M->240M(1024M) 62.262ms
[2023-03-02T13:23:17.165+0100][gc,cpu      ] GC(73) User=0.03s Sys=0.01s Real=0.06s
[2023-03-02T13:31:20.875+0100][gc,start    ] GC(74) Pause Young (Normal) (G1 Evacuation Pause)
[2023-03-02T13:31:20.876+0100][gc,task     ] GC(74) Using 4 workers of 4 for evacuation
[2023-03-02T13:31:20.902+0100][gc,mmu      ] GC(74) MMU target violated: 21.0ms (20.0ms/21.0ms)
[2023-03-02T13:31:20.902+0100][gc,phases   ] GC(74)   Pre Evacuate Collection Set: 0.2ms
[2023-03-02T13:31:20.902+0100][gc,phases   ] GC(74)   Merge Heap Roots: 0.3ms
[2023-03-02T13:31:20.902+0100][gc,phases   ] GC(74)   Evacuate Collection Set: 24.0ms
[2023-03-02T13:31:20.902+0100][gc,phases   ] GC(74)   Post Evacuate Collection Set: 0.4ms
[2023-03-02T13:31:20.902+0100][gc,phases   ] GC(74)   Other: 1.8ms
[2023-03-02T13:31:20.902+0100][gc,heap     ] GC(74) Eden regions: 48->0(44)
[2023-03-02T13:31:20.902+0100][gc,heap     ] GC(74) Survivor regions: 3->7(7)
[2023-03-02T13:31:20.902+0100][gc,heap     ] GC(74) Old regions: 90->92
[2023-03-02T13:31:20.902+0100][gc,heap     ] GC(74) Archive regions: 2->2
[2023-03-02T13:31:20.902+0100][gc,heap     ] GC(74) Humongous regions: 147->147
[2023-03-02T13:31:20.902+0100][gc,metaspace] GC(74) Metaspace: 41513K(42048K)->41513K(42048K) NonClass: 36828K(37120K)->36828K(37120K) Class: 4685K(4928K)->4685K(4928K)
[2023-03-02T13:31:20.902+0100][gc          ] GC(74) Pause Young (Normal) (G1 Evacuation Pause) 288M->246M(1024M) 26.839ms
[2023-03-02T13:31:20.902+0100][gc,cpu      ] GC(74) User=0.05s Sys=0.03s Real=0.03s
[2023-03-02T15:21:01.387+0100][gc,start    ] GC(75) Pause Young (Normal) (G1 Evacuation Pause)
[2023-03-02T15:21:01.388+0100][gc,task     ] GC(75) Using 4 workers of 4 for evacuation
[2023-03-02T15:21:01.409+0100][gc,mmu      ] GC(75) MMU target violated: 20.9ms (20.0ms/21.0ms)
[2023-03-02T15:21:01.409+0100][gc,phases   ] GC(75)   Pre Evacuate Collection Set: 0.3ms
[2023-03-02T15:21:01.409+0100][gc,phases   ] GC(75)   Merge Heap Roots: 0.2ms
[2023-03-02T15:21:01.409+0100][gc,phases   ] GC(75)   Evacuate Collection Set: 19.9ms
[2023-03-02T15:21:01.409+0100][gc,phases   ] GC(75)   Post Evacuate Collection Set: 0.5ms
[2023-03-02T15:21:01.410+0100][gc,phases   ] GC(75)   Other: 2.2ms
[2023-03-02T15:21:01.410+0100][gc,heap     ] GC(75) Eden regions: 44->0(47)
[2023-03-02T15:21:01.410+0100][gc,heap     ] GC(75) Survivor regions: 7->4(7)
[2023-03-02T15:21:01.410+0100][gc,heap     ] GC(75) Old regions: 92->98
[2023-03-02T15:21:01.410+0100][gc,heap     ] GC(75) Archive regions: 2->2
[2023-03-02T15:21:01.410+0100][gc,heap     ] GC(75) Humongous regions: 147->147
[2023-03-02T15:21:01.410+0100][gc,metaspace] GC(75) Metaspace: 41517K(42048K)->41517K(42048K) NonClass: 36832K(37120K)->36832K(37120K) Class: 4685K(4928K)->4685K(4928K)
[2023-03-02T15:21:01.410+0100][gc          ] GC(75) Pause Young (Normal) (G1 Evacuation Pause) 290M->248M(1024M) 23.009ms
[2023-03-02T15:21:01.410+0100][gc,cpu      ] GC(75) User=0.05s Sys=0.02s Real=0.03s
[2023-03-02T15:30:56.725+0100][gc,start    ] GC(76) Pause Young (Normal) (G1 Evacuation Pause)
[2023-03-02T15:30:56.726+0100][gc,task     ] GC(76) Using 4 workers of 4 for evacuation
[2023-03-02T15:30:56.763+0100][gc,mmu      ] GC(76) MMU target violated: 21.0ms (20.0ms/21.0ms)
[2023-03-02T15:30:56.763+0100][gc,phases   ] GC(76)   Pre Evacuate Collection Set: 1.8ms
[2023-03-02T15:30:56.763+0100][gc,phases   ] GC(76)   Merge Heap Roots: 0.2ms
[2023-03-02T15:30:56.763+0100][gc,phases   ] GC(76)   Evacuate Collection Set: 29.1ms
[2023-03-02T15:30:56.763+0100][gc,phases   ] GC(76)   Post Evacuate Collection Set: 1.7ms
[2023-03-02T15:30:56.763+0100][gc,phases   ] GC(76)   Other: 5.7ms
[2023-03-02T15:30:56.763+0100][gc,heap     ] GC(76) Eden regions: 47->0(45)
[2023-03-02T15:30:56.763+0100][gc,heap     ] GC(76) Survivor regions: 4->6(7)
[2023-03-02T15:30:56.763+0100][gc,heap     ] GC(76) Old regions: 98->98
[2023-03-02T15:30:56.763+0100][gc,heap     ] GC(76) Archive regions: 2->2
[2023-03-02T15:30:56.763+0100][gc,heap     ] GC(76) Humongous regions: 147->147
[2023-03-02T15:30:56.763+0100][gc,metaspace] GC(76) Metaspace: 41517K(42048K)->41517K(42048K) NonClass: 36832K(37120K)->36832K(37120K) Class: 4685K(4928K)->4685K(4928K)
[2023-03-02T15:30:56.763+0100][gc          ] GC(76) Pause Young (Normal) (G1 Evacuation Pause) 295M->250M(1024M) 38.499ms
[2023-03-02T15:30:56.763+0100][gc,cpu      ] GC(76) User=0.03s Sys=0.07s Real=0.04s
[2023-03-02T15:39:09.220+0100][gc,start    ] GC(77) Pause Young (Normal) (G1 Evacuation Pause)
[2023-03-02T15:39:09.220+0100][gc,task     ] GC(77) Using 4 workers of 4 for evacuation
[2023-03-02T15:39:09.268+0100][gc,mmu      ] GC(77) MMU target violated: 21.0ms (20.0ms/21.0ms)
[2023-03-02T15:39:09.269+0100][gc,phases   ] GC(77)   Pre Evacuate Collection Set: 1.1ms
[2023-03-02T15:39:09.269+0100][gc,phases   ] GC(77)   Merge Heap Roots: 0.2ms
[2023-03-02T15:39:09.269+0100][gc,phases   ] GC(77)   Evacuate Collection Set: 44.5ms
[2023-03-02T15:39:09.269+0100][gc,phases   ] GC(77)   Post Evacuate Collection Set: 2.0ms
[2023-03-02T15:39:09.269+0100][gc,phases   ] GC(77)   Other: 1.0ms
[2023-03-02T15:39:09.269+0100][gc,heap     ] GC(77) Eden regions: 45->0(45)
[2023-03-02T15:39:09.269+0100][gc,heap     ] GC(77) Survivor regions: 6->6(7)
[2023-03-02T15:39:09.269+0100][gc,heap     ] GC(77) Old regions: 98->99
[2023-03-02T15:39:09.269+0100][gc,heap     ] GC(77) Archive regions: 2->2
[2023-03-02T15:39:09.269+0100][gc,heap     ] GC(77) Humongous regions: 147->147
[2023-03-02T15:39:09.269+0100][gc,metaspace] GC(77) Metaspace: 41517K(42048K)->41517K(42048K) NonClass: 36832K(37120K)->36832K(37120K) Class: 4685K(4928K)->4685K(4928K)
[2023-03-02T15:39:09.269+0100][gc          ] GC(77) Pause Young (Normal) (G1 Evacuation Pause) 295M->252M(1024M) 49.139ms
[2023-03-02T15:39:09.269+0100][gc,cpu      ] GC(77) User=0.04s Sys=0.06s Real=0.04s
[2023-03-02T20:25:42.339+0100][gc,start    ] GC(78) Pause Young (Normal) (G1 Evacuation Pause)
[2023-03-02T20:25:42.341+0100][gc,task     ] GC(78) Using 4 workers of 4 for evacuation
[2023-03-02T20:25:42.587+0100][gc,mmu      ] GC(78) MMU target violated: 21.0ms (20.0ms/21.0ms)
[2023-03-02T20:25:42.588+0100][gc,phases   ] GC(78)   Pre Evacuate Collection Set: 6.8ms
[2023-03-02T20:25:42.588+0100][gc,phases   ] GC(78)   Merge Heap Roots: 3.9ms
[2023-03-02T20:25:42.588+0100][gc,phases   ] GC(78)   Evacuate Collection Set: 227.0ms
[2023-03-02T20:25:42.588+0100][gc,phases   ] GC(78)   Post Evacuate Collection Set: 6.1ms
[2023-03-02T20:25:42.588+0100][gc,phases   ] GC(78)   Other: 14.4ms
[2023-03-02T20:25:42.588+0100][gc,heap     ] GC(78) Eden regions: 45->0(45)
[2023-03-02T20:25:42.588+0100][gc,heap     ] GC(78) Survivor regions: 6->6(7)
[2023-03-02T20:25:42.588+0100][gc,heap     ] GC(78) Old regions: 99->101
[2023-03-02T20:25:42.588+0100][gc,heap     ] GC(78) Archive regions: 2->2
[2023-03-02T20:25:42.588+0100][gc,heap     ] GC(78) Humongous regions: 147->147
[2023-03-02T20:25:42.588+0100][gc,metaspace] GC(78) Metaspace: 41525K(42048K)->41525K(42048K) NonClass: 36840K(37120K)->36840K(37120K) Class: 4685K(4928K)->4685K(4928K)
[2023-03-02T20:25:42.589+0100][gc          ] GC(78) Pause Young (Normal) (G1 Evacuation Pause) 297M->254M(1024M) 250.874ms
[2023-03-02T20:25:42.589+0100][gc,cpu      ] GC(78) User=0.06s Sys=0.22s Real=0.25s
[2023-03-02T23:05:47.998+0100][gc,start    ] GC(79) Pause Young (Normal) (G1 Evacuation Pause)
[2023-03-02T23:05:48.002+0100][gc,task     ] GC(79) Using 4 workers of 4 for evacuation
[2023-03-02T23:05:48.045+0100][gc,mmu      ] GC(79) MMU target violated: 21.0ms (20.0ms/21.0ms)
[2023-03-02T23:05:48.045+0100][gc,phases   ] GC(79)   Pre Evacuate Collection Set: 3.1ms
[2023-03-02T23:05:48.045+0100][gc,phases   ] GC(79)   Merge Heap Roots: 1.4ms
[2023-03-02T23:05:48.046+0100][gc,phases   ] GC(79)   Evacuate Collection Set: 30.2ms
[2023-03-02T23:05:48.046+0100][gc,phases   ] GC(79)   Post Evacuate Collection Set: 4.4ms
[2023-03-02T23:05:48.046+0100][gc,phases   ] GC(79)   Other: 12.6ms
[2023-03-02T23:05:48.046+0100][gc,heap     ] GC(79) Eden regions: 45->0(45)
[2023-03-02T23:05:48.046+0100][gc,heap     ] GC(79) Survivor regions: 6->6(7)
[2023-03-02T23:05:48.046+0100][gc,heap     ] GC(79) Old regions: 101->103
[2023-03-02T23:05:48.046+0100][gc,heap     ] GC(79) Archive regions: 2->2
[2023-03-02T23:05:48.046+0100][gc,heap     ] GC(79) Humongous regions: 147->147
[2023-03-02T23:05:48.047+0100][gc,metaspace] GC(79) Metaspace: 41525K(42048K)->41525K(42048K) NonClass: 36840K(37120K)->36840K(37120K) Class: 4685K(4928K)->4685K(4928K)
[2023-03-02T23:05:48.047+0100][gc          ] GC(79) Pause Young (Normal) (G1 Evacuation Pause) 299M->255M(1024M) 49.967ms
[2023-03-02T23:05:48.047+0100][gc,cpu      ] GC(79) User=0.04s Sys=0.07s Real=0.05s
[2023-03-02T23:14:00.137+0100][gc,start    ] GC(80) Pause Young (Normal) (G1 Evacuation Pause)
[2023-03-02T23:14:00.137+0100][gc,task     ] GC(80) Using 4 workers of 4 for evacuation
[2023-03-02T23:14:00.149+0100][gc,phases   ] GC(80)   Pre Evacuate Collection Set: 0.1ms
[2023-03-02T23:14:00.149+0100][gc,phases   ] GC(80)   Merge Heap Roots: 0.1ms
[2023-03-02T23:14:00.149+0100][gc,phases   ] GC(80)   Evacuate Collection Set: 11.4ms
[2023-03-02T23:14:00.149+0100][gc,phases   ] GC(80)   Post Evacuate Collection Set: 0.3ms
[2023-03-02T23:14:00.149+0100][gc,phases   ] GC(80)   Other: 0.6ms
[2023-03-02T23:14:00.149+0100][gc,heap     ] GC(80) Eden regions: 45->0(45)
[2023-03-02T23:14:00.149+0100][gc,heap     ] GC(80) Survivor regions: 6->6(7)
[2023-03-02T23:14:00.149+0100][gc,heap     ] GC(80) Old regions: 103->105
[2023-03-02T23:14:00.149+0100][gc,heap     ] GC(80) Archive regions: 2->2
[2023-03-02T23:14:00.149+0100][gc,heap     ] GC(80) Humongous regions: 147->147
[2023-03-02T23:14:00.149+0100][gc,metaspace] GC(80) Metaspace: 41525K(42048K)->41525K(42048K) NonClass: 36840K(37120K)->36840K(37120K) Class: 4685K(4928K)->4685K(4928K)
[2023-03-02T23:14:00.149+0100][gc          ] GC(80) Pause Young (Normal) (G1 Evacuation Pause) 300M->258M(1024M) 12.575ms
[2023-03-02T23:14:00.149+0100][gc,cpu      ] GC(80) User=0.03s Sys=0.01s Real=0.01s
[2023-03-02T23:21:37.001+0100][gc,start    ] GC(81) Pause Young (Normal) (G1 Evacuation Pause)
[2023-03-02T23:21:37.001+0100][gc,task     ] GC(81) Using 4 workers of 4 for evacuation
[2023-03-02T23:21:37.022+0100][gc,mmu      ] GC(81) MMU target violated: 20.3ms (20.0ms/21.0ms)
[2023-03-02T23:21:37.022+0100][gc,phases   ] GC(81)   Pre Evacuate Collection Set: 0.2ms
[2023-03-02T23:21:37.022+0100][gc,phases   ] GC(81)   Merge Heap Roots: 0.8ms
[2023-03-02T23:21:37.022+0100][gc,phases   ] GC(81)   Evacuate Collection Set: 18.8ms
[2023-03-02T23:21:37.022+0100][gc,phases   ] GC(81)   Post Evacuate Collection Set: 0.4ms
[2023-03-02T23:21:37.022+0100][gc,phases   ] GC(81)   Other: 0.8ms
[2023-03-02T23:21:37.022+0100][gc,heap     ] GC(81) Eden regions: 45->0(44)
[2023-03-02T23:21:37.022+0100][gc,heap     ] GC(81) Survivor regions: 6->7(7)
[2023-03-02T23:21:37.022+0100][gc,heap     ] GC(81) Old regions: 105->107
[2023-03-02T23:21:37.022+0100][gc,heap     ] GC(81) Archive regions: 2->2
[2023-03-02T23:21:37.022+0100][gc,heap     ] GC(81) Humongous regions: 147->147
[2023-03-02T23:21:37.022+0100][gc,metaspace] GC(81) Metaspace: 41526K(42048K)->41526K(42048K) NonClass: 36840K(37120K)->36840K(37120K) Class: 4685K(4928K)->4685K(4928K)
[2023-03-02T23:21:37.022+0100][gc          ] GC(81) Pause Young (Normal) (G1 Evacuation Pause) 303M->261M(1024M) 21.254ms
[2023-03-02T23:21:37.022+0100][gc,cpu      ] GC(81) User=0.05s Sys=0.02s Real=0.02s
[2023-03-02T23:29:29.388+0100][gc,start    ] GC(82) Pause Young (Normal) (G1 Evacuation Pause)
[2023-03-02T23:29:29.389+0100][gc,task     ] GC(82) Using 4 workers of 4 for evacuation
[2023-03-02T23:29:29.402+0100][gc,phases   ] GC(82)   Pre Evacuate Collection Set: 0.3ms
[2023-03-02T23:29:29.403+0100][gc,phases   ] GC(82)   Merge Heap Roots: 0.1ms
[2023-03-02T23:29:29.403+0100][gc,phases   ] GC(82)   Evacuate Collection Set: 12.5ms
[2023-03-02T23:29:29.403+0100][gc,phases   ] GC(82)   Post Evacuate Collection Set: 0.3ms
[2023-03-02T23:29:29.403+0100][gc,phases   ] GC(82)   Other: 1.8ms
[2023-03-02T23:29:29.403+0100][gc,heap     ] GC(82) Eden regions: 44->0(47)
[2023-03-02T23:29:29.403+0100][gc,heap     ] GC(82) Survivor regions: 7->4(7)
[2023-03-02T23:29:29.403+0100][gc,heap     ] GC(82) Old regions: 107->112
[2023-03-02T23:29:29.403+0100][gc,heap     ] GC(82) Archive regions: 2->2
[2023-03-02T23:29:29.403+0100][gc,heap     ] GC(82) Humongous regions: 147->147
[2023-03-02T23:29:29.403+0100][gc,metaspace] GC(82) Metaspace: 41526K(42048K)->41526K(42048K) NonClass: 36840K(37120K)->36840K(37120K) Class: 4685K(4928K)->4685K(4928K)
[2023-03-02T23:29:29.403+0100][gc          ] GC(82) Pause Young (Normal) (G1 Evacuation Pause) 305M->263M(1024M) 15.101ms
[2023-03-02T23:29:29.403+0100][gc,cpu      ] GC(82) User=0.04s Sys=0.00s Real=0.02s
[2023-03-02T23:38:04.954+0100][gc,start    ] GC(83) Pause Young (Normal) (G1 Evacuation Pause)
[2023-03-02T23:38:04.954+0100][gc,task     ] GC(83) Using 4 workers of 4 for evacuation
[2023-03-02T23:38:04.962+0100][gc,phases   ] GC(83)   Pre Evacuate Collection Set: 0.1ms
[2023-03-02T23:38:04.962+0100][gc,phases   ] GC(83)   Merge Heap Roots: 0.1ms
[2023-03-02T23:38:04.962+0100][gc,phases   ] GC(83)   Evacuate Collection Set: 7.6ms
[2023-03-02T23:38:04.962+0100][gc,phases   ] GC(83)   Post Evacuate Collection Set: 0.5ms
[2023-03-02T23:38:04.962+0100][gc,phases   ] GC(83)   Other: 0.4ms
[2023-03-02T23:38:04.962+0100][gc,heap     ] GC(83) Eden regions: 47->0(45)
[2023-03-02T23:38:04.962+0100][gc,heap     ] GC(83) Survivor regions: 4->6(7)
[2023-03-02T23:38:04.962+0100][gc,heap     ] GC(83) Old regions: 112->112
[2023-03-02T23:38:04.962+0100][gc,heap     ] GC(83) Archive regions: 2->2
[2023-03-02T23:38:04.962+0100][gc,heap     ] GC(83) Humongous regions: 147->147
[2023-03-02T23:38:04.962+0100][gc,metaspace] GC(83) Metaspace: 41526K(42048K)->41526K(42048K) NonClass: 36840K(37120K)->36840K(37120K) Class: 4685K(4928K)->4685K(4928K)
[2023-03-02T23:38:04.963+0100][gc          ] GC(83) Pause Young (Normal) (G1 Evacuation Pause) 310M->265M(1024M) 8.992ms
[2023-03-02T23:38:04.963+0100][gc,cpu      ] GC(83) User=0.03s Sys=0.01s Real=0.01s
[2023-03-02T23:46:20.004+0100][gc,start    ] GC(84) Pause Young (Normal) (G1 Evacuation Pause)
[2023-03-02T23:46:20.005+0100][gc,task     ] GC(84) Using 4 workers of 4 for evacuation
[2023-03-02T23:46:20.022+0100][gc,phases   ] GC(84)   Pre Evacuate Collection Set: 0.2ms
[2023-03-02T23:46:20.022+0100][gc,phases   ] GC(84)   Merge Heap Roots: 0.1ms
[2023-03-02T23:46:20.022+0100][gc,phases   ] GC(84)   Evacuate Collection Set: 16.1ms
[2023-03-02T23:46:20.023+0100][gc,phases   ] GC(84)   Post Evacuate Collection Set: 0.5ms
[2023-03-02T23:46:20.023+0100][gc,phases   ] GC(84)   Other: 1.9ms
[2023-03-02T23:46:20.023+0100][gc,heap     ] GC(84) Eden regions: 45->0(45)
[2023-03-02T23:46:20.023+0100][gc,heap     ] GC(84) Survivor regions: 6->6(7)
[2023-03-02T23:46:20.023+0100][gc,heap     ] GC(84) Old regions: 112->114
[2023-03-02T23:46:20.023+0100][gc,heap     ] GC(84) Archive regions: 2->2
[2023-03-02T23:46:20.023+0100][gc,heap     ] GC(84) Humongous regions: 147->147
[2023-03-02T23:46:20.023+0100][gc,metaspace] GC(84) Metaspace: 41526K(42048K)->41526K(42048K) NonClass: 36840K(37120K)->36840K(37120K) Class: 4685K(4928K)->4685K(4928K)
[2023-03-02T23:46:20.023+0100][gc          ] GC(84) Pause Young (Normal) (G1 Evacuation Pause) 310M->267M(1024M) 18.993ms
[2023-03-02T23:46:20.023+0100][gc,cpu      ] GC(84) User=0.04s Sys=0.02s Real=0.02s
[2023-03-02T23:54:32.956+0100][gc,start    ] GC(85) Pause Young (Normal) (G1 Evacuation Pause)
[2023-03-02T23:54:32.958+0100][gc,task     ] GC(85) Using 4 workers of 4 for evacuation
[2023-03-02T23:54:32.985+0100][gc,mmu      ] GC(85) MMU target violated: 21.0ms (20.0ms/21.0ms)
[2023-03-02T23:54:32.985+0100][gc,phases   ] GC(85)   Pre Evacuate Collection Set: 1.6ms
[2023-03-02T23:54:32.985+0100][gc,phases   ] GC(85)   Merge Heap Roots: 0.3ms
[2023-03-02T23:54:32.985+0100][gc,phases   ] GC(85)   Evacuate Collection Set: 23.5ms
[2023-03-02T23:54:32.985+0100][gc,phases   ] GC(85)   Post Evacuate Collection Set: 1.5ms
[2023-03-02T23:54:32.985+0100][gc,phases   ] GC(85)   Other: 2.6ms
[2023-03-02T23:54:32.985+0100][gc,heap     ] GC(85) Eden regions: 45->0(45)
[2023-03-02T23:54:32.985+0100][gc,heap     ] GC(85) Survivor regions: 6->6(7)
[2023-03-02T23:54:32.986+0100][gc,heap     ] GC(85) Old regions: 114->117
[2023-03-02T23:54:32.986+0100][gc,heap     ] GC(85) Archive regions: 2->2
[2023-03-02T23:54:32.986+0100][gc,heap     ] GC(85) Humongous regions: 147->147
[2023-03-02T23:54:32.986+0100][gc,metaspace] GC(85) Metaspace: 41526K(42048K)->41526K(42048K) NonClass: 36840K(37120K)->36840K(37120K) Class: 4685K(4928K)->4685K(4928K)
[2023-03-02T23:54:32.986+0100][gc          ] GC(85) Pause Young (Normal) (G1 Evacuation Pause) 312M->270M(1024M) 29.363ms
[2023-03-02T23:54:32.986+0100][gc,cpu      ] GC(85) User=0.04s Sys=0.05s Real=0.03s
[2023-03-03T00:02:47.609+0100][gc,start    ] GC(86) Pause Young (Normal) (G1 Evacuation Pause)
[2023-03-03T00:02:47.611+0100][gc,task     ] GC(86) Using 4 workers of 4 for evacuation
[2023-03-03T00:02:47.628+0100][gc,phases   ] GC(86)   Pre Evacuate Collection Set: 0.2ms
[2023-03-03T00:02:47.628+0100][gc,phases   ] GC(86)   Merge Heap Roots: 0.2ms
[2023-03-03T00:02:47.628+0100][gc,phases   ] GC(86)   Evacuate Collection Set: 15.9ms
[2023-03-03T00:02:47.628+0100][gc,phases   ] GC(86)   Post Evacuate Collection Set: 0.6ms
[2023-03-03T00:02:47.628+0100][gc,phases   ] GC(86)   Other: 1.8ms
[2023-03-03T00:02:47.628+0100][gc,heap     ] GC(86) Eden regions: 45->0(45)
[2023-03-03T00:02:47.628+0100][gc,heap     ] GC(86) Survivor regions: 6->6(7)
[2023-03-03T00:02:47.628+0100][gc,heap     ] GC(86) Old regions: 117->119
[2023-03-03T00:02:47.628+0100][gc,heap     ] GC(86) Archive regions: 2->2
[2023-03-03T00:02:47.628+0100][gc,heap     ] GC(86) Humongous regions: 147->147
[2023-03-03T00:02:47.628+0100][gc,metaspace] GC(86) Metaspace: 41526K(42048K)->41526K(42048K) NonClass: 36840K(37120K)->36840K(37120K) Class: 4685K(4928K)->4685K(4928K)
[2023-03-03T00:02:47.628+0100][gc          ] GC(86) Pause Young (Normal) (G1 Evacuation Pause) 315M->272M(1024M) 18.972ms
[2023-03-03T00:02:47.628+0100][gc,cpu      ] GC(86) User=0.03s Sys=0.01s Real=0.02s
[2023-03-03T00:10:59.787+0100][gc,start    ] GC(87) Pause Young (Normal) (G1 Evacuation Pause)
[2023-03-03T00:10:59.788+0100][gc,task     ] GC(87) Using 4 workers of 4 for evacuation
[2023-03-03T00:10:59.815+0100][gc,mmu      ] GC(87) MMU target violated: 21.0ms (20.0ms/21.0ms)
[2023-03-03T00:10:59.815+0100][gc,phases   ] GC(87)   Pre Evacuate Collection Set: 1.5ms
[2023-03-03T00:10:59.815+0100][gc,phases   ] GC(87)   Merge Heap Roots: 0.4ms
[2023-03-03T00:10:59.815+0100][gc,phases   ] GC(87)   Evacuate Collection Set: 23.8ms
[2023-03-03T00:10:59.815+0100][gc,phases   ] GC(87)   Post Evacuate Collection Set: 1.5ms
[2023-03-03T00:10:59.815+0100][gc,phases   ] GC(87)   Other: 1.6ms
[2023-03-03T00:10:59.815+0100][gc,heap     ] GC(87) Eden regions: 45->0(45)
[2023-03-03T00:10:59.815+0100][gc,heap     ] GC(87) Survivor regions: 6->6(7)
[2023-03-03T00:10:59.815+0100][gc,heap     ] GC(87) Old regions: 119->122
[2023-03-03T00:10:59.815+0100][gc,heap     ] GC(87) Archive regions: 2->2
[2023-03-03T00:10:59.815+0100][gc,heap     ] GC(87) Humongous regions: 147->147
[2023-03-03T00:10:59.815+0100][gc,metaspace] GC(87) Metaspace: 41526K(42048K)->41526K(42048K) NonClass: 36840K(37120K)->36840K(37120K) Class: 4685K(4928K)->4685K(4928K)
[2023-03-03T00:10:59.816+0100][gc          ] GC(87) Pause Young (Normal) (G1 Evacuation Pause) 317M->275M(1024M) 28.779ms
[2023-03-03T00:10:59.816+0100][gc,cpu      ] GC(87) User=0.05s Sys=0.05s Real=0.03s
[2023-03-03T00:17:19.206+0100][gc,heap,exit] Heap
[2023-03-03T00:17:19.206+0100][gc,heap,exit]  garbage-first heap   total 1048576K, used 320702K [0x00000007c0000000, 0x0000000800000000)
[2023-03-03T00:17:19.206+0100][gc,heap,exit]   region size 1024K, 44 young (45056K), 6 survivors (6144K)
[2023-03-03T00:17:19.206+0100][gc,heap,exit]  Metaspace       used 41677K, committed 42240K, reserved 1089536K
[2023-03-03T00:17:19.206+0100][gc,heap,exit]   class space    used 4713K, committed 4992K, reserved 1048576K
