[2023-05-21T15:53:15.314+0200][gc] Using G1
[2023-05-21T15:53:15.332+0200][gc,init] Version: 17+35-LTS-2724 (release)
[2023-05-21T15:53:15.332+0200][gc,init] CPUs: 4 total, 4 available
[2023-05-21T15:53:15.332+0200][gc,init] Memory: 8192M
[2023-05-21T15:53:15.332+0200][gc,init] Large Page Support: Disabled
[2023-05-21T15:53:15.332+0200][gc,init] NUMA Support: Disabled
[2023-05-21T15:53:15.332+0200][gc,init] Compressed Oops: Enabled (Zero based)
[2023-05-21T15:53:15.332+0200][gc,init] Heap Region Size: 1M
[2023-05-21T15:53:15.332+0200][gc,init] Heap Min Capacity: 1G
[2023-05-21T15:53:15.332+0200][gc,init] Heap Initial Capacity: 1G
[2023-05-21T15:53:15.332+0200][gc,init] Heap Max Capacity: 1G
[2023-05-21T15:53:15.332+0200][gc,init] Pre-touch: Disabled
[2023-05-21T15:53:15.332+0200][gc,init] Parallel Workers: 4
[2023-05-21T15:53:15.332+0200][gc,init] Concurrent Workers: 1
[2023-05-21T15:53:15.332+0200][gc,init] Concurrent Refinement Workers: 4
[2023-05-21T15:53:15.332+0200][gc,init] Periodic GC: Disabled
[2023-05-21T15:53:15.332+0200][gc,metaspace] CDS archive(s) mapped at: [0x0000000800000000-0x0000000800bd0000-0x0000000800bd0000), size 12386304, SharedBaseAddress: 0x0000000800000000, ArchiveRelocationMode: 0.
[2023-05-21T15:53:15.332+0200][gc,metaspace] Compressed class space mapped at: 0x0000000800c00000-0x0000000840c00000, reserved size: 1073741824
[2023-05-21T15:53:15.332+0200][gc,metaspace] Narrow klass base: 0x0000000800000000, Narrow klass shift: 0, Narrow klass range: 0x100000000
[2023-05-21T15:53:20.539+0200][gc,start    ] GC(0) Pause Young (Normal) (G1 Evacuation Pause)
[2023-05-21T15:53:20.539+0200][gc,task     ] GC(0) Using 4 workers of 4 for evacuation
[2023-05-21T15:53:20.566+0200][gc,mmu      ] GC(0) MMU target violated: 21,0ms (20,0ms/21,0ms)
[2023-05-21T15:53:20.566+0200][gc,phases   ] GC(0)   Pre Evacuate Collection Set: 0,2ms
[2023-05-21T15:53:20.566+0200][gc,phases   ] GC(0)   Merge Heap Roots: 0,1ms
[2023-05-21T15:53:20.567+0200][gc,phases   ] GC(0)   Evacuate Collection Set: 23,9ms
[2023-05-21T15:53:20.567+0200][gc,phases   ] GC(0)   Post Evacuate Collection Set: 2,5ms
[2023-05-21T15:53:20.567+0200][gc,phases   ] GC(0)   Other: 0,6ms
[2023-05-21T15:53:20.567+0200][gc,heap     ] GC(0) Eden regions: 51->0(44)
[2023-05-21T15:53:20.567+0200][gc,heap     ] GC(0) Survivor regions: 0->7(7)
[2023-05-21T15:53:20.567+0200][gc,heap     ] GC(0) Old regions: 0->1
[2023-05-21T15:53:20.567+0200][gc,heap     ] GC(0) Archive regions: 2->2
[2023-05-21T15:53:20.567+0200][gc,heap     ] GC(0) Humongous regions: 0->0
[2023-05-21T15:53:20.567+0200][gc,metaspace] GC(0) Metaspace: 18069K(18304K)->18069K(18304K) NonClass: 15924K(16064K)->15924K(16064K) Class: 2145K(2240K)->2145K(2240K)
[2023-05-21T15:53:20.567+0200][gc          ] GC(0) Pause Young (Normal) (G1 Evacuation Pause) 51M->7M(1024M) 27,641ms
[2023-05-21T15:53:20.567+0200][gc,cpu      ] GC(0) User=0,02s Sys=0,01s Real=0,03s
[2023-05-21T15:53:25.979+0200][gc,heap,exit] Heap
[2023-05-21T15:53:25.979+0200][gc,heap,exit]  garbage-first heap   total 1048576K, used 10410K [0x00000007c0000000, 0x0000000800000000)
[2023-05-21T15:53:25.979+0200][gc,heap,exit]   region size 1024K, 10 young (10240K), 7 survivors (7168K)
[2023-05-21T15:53:25.979+0200][gc,heap,exit]  Metaspace       used 18332K, committed 18496K, reserved 1073152K
[2023-05-21T15:53:25.979+0200][gc,heap,exit]   class space    used 2183K, committed 2240K, reserved 1048576K
