[2023-05-21T15:51:04.646+0200][gc] Using G1
[2023-05-21T15:51:04.655+0200][gc,init] Version: 17+35-LTS-2724 (release)
[2023-05-21T15:51:04.655+0200][gc,init] CPUs: 4 total, 4 available
[2023-05-21T15:51:04.655+0200][gc,init] Memory: 8192M
[2023-05-21T15:51:04.655+0200][gc,init] Large Page Support: Disabled
[2023-05-21T15:51:04.655+0200][gc,init] NUMA Support: Disabled
[2023-05-21T15:51:04.655+0200][gc,init] Compressed Oops: Enabled (Zero based)
[2023-05-21T15:51:04.655+0200][gc,init] Heap Region Size: 1M
[2023-05-21T15:51:04.655+0200][gc,init] Heap Min Capacity: 1G
[2023-05-21T15:51:04.655+0200][gc,init] Heap Initial Capacity: 1G
[2023-05-21T15:51:04.655+0200][gc,init] Heap Max Capacity: 1G
[2023-05-21T15:51:04.655+0200][gc,init] Pre-touch: Disabled
[2023-05-21T15:51:04.655+0200][gc,init] Parallel Workers: 4
[2023-05-21T15:51:04.655+0200][gc,init] Concurrent Workers: 1
[2023-05-21T15:51:04.655+0200][gc,init] Concurrent Refinement Workers: 4
[2023-05-21T15:51:04.655+0200][gc,init] Periodic GC: Disabled
[2023-05-21T15:51:04.655+0200][gc,metaspace] CDS archive(s) mapped at: [0x0000000800000000-0x0000000800bd0000-0x0000000800bd0000), size 12386304, SharedBaseAddress: 0x0000000800000000, ArchiveRelocationMode: 0.
[2023-05-21T15:51:04.655+0200][gc,metaspace] Compressed class space mapped at: 0x0000000800c00000-0x0000000840c00000, reserved size: 1073741824
[2023-05-21T15:51:04.655+0200][gc,metaspace] Narrow klass base: 0x0000000800000000, Narrow klass shift: 0, Narrow klass range: 0x100000000
[2023-05-21T15:51:19.461+0200][gc,heap,exit] Heap
[2023-05-21T15:51:19.461+0200][gc,heap,exit]  garbage-first heap   total 1048576K, used 41430K [0x00000007c0000000, 0x0000000800000000)
[2023-05-21T15:51:19.461+0200][gc,heap,exit]   region size 1024K, 40 young (40960K), 0 survivors (0K)
[2023-05-21T15:51:19.461+0200][gc,heap,exit]  Metaspace       used 14064K, committed 14272K, reserved 1064960K
[2023-05-21T15:51:19.461+0200][gc,heap,exit]   class space    used 1697K, committed 1792K, reserved 1048576K
