[2023-05-21T15:50:37.790+0200][gc] Using G1
[2023-05-21T15:50:37.797+0200][gc,init] Version: 17+35-LTS-2724 (release)
[2023-05-21T15:50:37.797+0200][gc,init] CPUs: 4 total, 4 available
[2023-05-21T15:50:37.797+0200][gc,init] Memory: 8192M
[2023-05-21T15:50:37.797+0200][gc,init] Large Page Support: Disabled
[2023-05-21T15:50:37.797+0200][gc,init] NUMA Support: Disabled
[2023-05-21T15:50:37.797+0200][gc,init] Compressed Oops: Enabled (Zero based)
[2023-05-21T15:50:37.797+0200][gc,init] Heap Region Size: 1M
[2023-05-21T15:50:37.797+0200][gc,init] Heap Min Capacity: 512M
[2023-05-21T15:50:37.797+0200][gc,init] Heap Initial Capacity: 512M
[2023-05-21T15:50:37.797+0200][gc,init] Heap Max Capacity: 512M
[2023-05-21T15:50:37.797+0200][gc,init] Pre-touch: Disabled
[2023-05-21T15:50:37.797+0200][gc,init] Parallel Workers: 4
[2023-05-21T15:50:37.797+0200][gc,init] Concurrent Workers: 1
[2023-05-21T15:50:37.797+0200][gc,init] Concurrent Refinement Workers: 4
[2023-05-21T15:50:37.798+0200][gc,init] Periodic GC: Disabled
[2023-05-21T15:50:37.798+0200][gc,metaspace] CDS archive(s) mapped at: [0x0000000800000000-0x0000000800bd0000-0x0000000800bd0000), size 12386304, SharedBaseAddress: 0x0000000800000000, ArchiveRelocationMode: 0.
[2023-05-21T15:50:37.798+0200][gc,metaspace] Compressed class space mapped at: 0x0000000800c00000-0x0000000840c00000, reserved size: 1073741824
[2023-05-21T15:50:37.798+0200][gc,metaspace] Narrow klass base: 0x0000000800000000, Narrow klass shift: 0, Narrow klass range: 0x100000000
[2023-05-21T15:53:19.322+0200][gc,start    ] GC(0) Pause Young (Normal) (G1 Evacuation Pause)
[2023-05-21T15:53:19.323+0200][gc,task     ] GC(0) Using 4 workers of 4 for evacuation
[2023-05-21T15:53:19.378+0200][gc,mmu      ] GC(0) MMU target violated: 21,0ms (20,0ms/21,0ms)
[2023-05-21T15:53:19.378+0200][gc,phases   ] GC(0)   Pre Evacuate Collection Set: 0,7ms
[2023-05-21T15:53:19.378+0200][gc,phases   ] GC(0)   Merge Heap Roots: 0,2ms
[2023-05-21T15:53:19.378+0200][gc,phases   ] GC(0)   Evacuate Collection Set: 51,0ms
[2023-05-21T15:53:19.378+0200][gc,phases   ] GC(0)   Post Evacuate Collection Set: 0,9ms
[2023-05-21T15:53:19.379+0200][gc,phases   ] GC(0)   Other: 3,3ms
[2023-05-21T15:53:19.379+0200][gc,heap     ] GC(0) Eden regions: 25->0(21)
[2023-05-21T15:53:19.379+0200][gc,heap     ] GC(0) Survivor regions: 0->4(4)
[2023-05-21T15:53:19.379+0200][gc,heap     ] GC(0) Old regions: 0->3
[2023-05-21T15:53:19.379+0200][gc,heap     ] GC(0) Archive regions: 2->2
[2023-05-21T15:53:19.379+0200][gc,heap     ] GC(0) Humongous regions: 0->0
[2023-05-21T15:53:19.379+0200][gc,metaspace] GC(0) Metaspace: 7781K(8000K)->7781K(8000K) NonClass: 6898K(7040K)->6898K(7040K) Class: 882K(960K)->882K(960K)
[2023-05-21T15:53:19.379+0200][gc          ] GC(0) Pause Young (Normal) (G1 Evacuation Pause) 25M->7M(512M) 56,416ms
[2023-05-21T15:53:19.379+0200][gc,cpu      ] GC(0) User=0,02s Sys=0,03s Real=0,05s
[2023-05-21T15:53:20.556+0200][gc,heap,exit] Heap
[2023-05-21T15:53:20.557+0200][gc,heap,exit]  garbage-first heap   total 524288K, used 11228K [0x00000007e0000000, 0x0000000800000000)
[2023-05-21T15:53:20.557+0200][gc,heap,exit]   region size 1024K, 8 young (8192K), 4 survivors (4096K)
[2023-05-21T15:53:20.557+0200][gc,heap,exit]  Metaspace       used 7838K, committed 8000K, reserved 1056768K
[2023-05-21T15:53:20.557+0200][gc,heap,exit]   class space    used 883K, committed 960K, reserved 1048576K
